******************************************************************************
                  MSP430 Linker PC v4.4.3                      
******************************************************************************
>> Linked Mon Feb 15 12:28:26 2016

OUTPUT FILE NAME:   <teste 1.out>
ENTRY POINT SYMBOL: "_c_int00_noargs_noexit"  address: 0000e308


MEMORY CONFIGURATION

         name            origin    length      used     unused   attr    fill
----------------------  --------  ---------  --------  --------  ----  --------
  SFR                   00000000   00000010  00000000  00000010  RWIX
  PERIPHERALS_8BIT      00000010   000000f0  00000000  000000f0  RWIX
  PERIPHERALS_16BIT     00000100   00000100  00000000  00000100  RWIX
  RAM                   00000200   00000100  00000064  0000009c  RWIX
  INFOD                 00001000   00000040  00000000  00000040  RWIX
  INFOC                 00001040   00000040  00000000  00000040  RWIX
  INFOB                 00001080   00000040  00000000  00000040  RWIX
  INFOA                 000010c0   00000040  00000000  00000040  RWIX
  FLASH                 0000e000   00001fe0  000003fa  00001be6  RWIX
  INT00                 0000ffe0   00000002  00000000  00000002  RWIX
  INT01                 0000ffe2   00000002  00000000  00000002  RWIX
  INT02                 0000ffe4   00000002  00000002  00000000  RWIX
  INT03                 0000ffe6   00000002  00000002  00000000  RWIX
  INT04                 0000ffe8   00000002  00000002  00000000  RWIX
  INT05                 0000ffea   00000002  00000002  00000000  RWIX
  INT06                 0000ffec   00000002  00000000  00000002  RWIX
  INT07                 0000ffee   00000002  00000000  00000002  RWIX
  INT08                 0000fff0   00000002  00000002  00000000  RWIX
  INT09                 0000fff2   00000002  00000002  00000000  RWIX
  INT10                 0000fff4   00000002  00000002  00000000  RWIX
  INT11                 0000fff6   00000002  00000002  00000000  RWIX
  INT12                 0000fff8   00000002  00000000  00000002  RWIX
  INT13                 0000fffa   00000002  00000000  00000002  RWIX
  INT14                 0000fffc   00000002  00000002  00000000  RWIX
  RESET                 0000fffe   00000002  00000002  00000000  RWIX


SECTION ALLOCATION MAP

 output                                  attributes/
section   page    origin      length       input sections
--------  ----  ----------  ----------   ----------------
.data      0    00000200    00000010     UNINITIALIZED
                  00000200    00000010     blink.obj (.data)

.bss       0    00000210    00000004     UNINITIALIZED
                  00000210    00000002     (.common:i)
                  00000212    00000002     (.common:j)

.TI.persistent 
*          0    00000200    00000000     UNINITIALIZED

.stack     0    000002b0    00000050     UNINITIALIZED
                  000002b0    00000002     rts430_eabi.lib : boot.obj (.stack)
                  000002b2    0000004e     --HOLE--

.text      0    0000e000    000003c6     
                  0000e000    000000a0     blink.obj (.text:Port_1)
                  0000e0a0    00000064     rts430_eabi.lib : copy_decompress_rle.obj (.text:__TI_decompress_rle_core)
                  0000e104    00000064     blink.obj (.text:main)
                  0000e168    00000058     rts430_eabi.lib : autoinit.obj (.text:_auto_init)
                  0000e1c0    00000044     blink.obj (.text:lcd_init)
                  0000e204    00000042     blink.obj (.text:send_command)
                  0000e246    00000042     blink.obj (.text:send_data)
                  0000e288    0000002e     blink.obj (.text:delay)
                  0000e2b6    0000002c     rts430_eabi.lib : asr16.obj (.text)
                  0000e2e2    00000026                     : mult32.obj (.text)
                  0000e308    0000001a                     : boot_special.obj (.text:_c_int00_noargs_noexit)
                  0000e322    00000014     blink.obj (.text:data_write)
                  0000e336    00000014     rts430_eabi.lib : copy_zero_init.obj (.text:decompress:ZI:__TI_zero_init)
                  0000e34a    00000014     blink.obj (.text:send_string)
                  0000e35e    00000012     blink.obj (.text:Timer_A)
                  0000e370    00000012     rts430_eabi.lib : copy_decompress_none.obj (.text:decompress:none:__TI_decompress_none)
                  0000e382    00000012                     : memcpy.obj (.text:memcpy)
                  0000e394    00000010                     : epilog.obj (.text)
                  0000e3a4    0000000e     blink.obj (.text:check_busy)
                  0000e3b2    00000006     rts430_eabi.lib : isr_trap.obj (.text:_isr:__TI_ISR_TRAP)
                  0000e3b8    00000006                     : copy_decompress_rle.obj (.text:decompress:rle24:__TI_decompress_rle24)
                  0000e3be    00000004                     : pre_init.obj (.text:_system_pre_init)
                  0000e3c2    00000004                     : exit.obj (.text:abort)

.const     0    0000e3c6    00000018     
                  0000e3c6    00000018     blink.obj (.const:.string)

.cinit     0    0000e3de    0000001c     
                  0000e3de    00000009     (.cinit..data.load) [load image, compression = rle]
                  0000e3e7    00000001     --HOLE-- [fill = 0]
                  0000e3e8    00000006     (__TI_handler_table)
                  0000e3ee    00000004     (.cinit..bss.load) [load image, compression = zero_init]
                  0000e3f2    00000008     (__TI_cinit_table)

.init_array 
*          0    0000e000    00000000     UNINITIALIZED

PORT1      0    0000ffe4    00000002     
                  0000ffe4    00000002     blink.obj (.int02)

PORT2      0    0000ffe6    00000002     
                  0000ffe6    00000002     rts430_eabi.lib : int03.obj (.int03)

USI        0    0000ffe8    00000002     
                  0000ffe8    00000002     rts430_eabi.lib : int04.obj (.int04)

ADC10      0    0000ffea    00000002     
                  0000ffea    00000002     rts430_eabi.lib : int05.obj (.int05)

TIMER0_A1 
*          0    0000fff0    00000002     
                  0000fff0    00000002     blink.obj (.int08)

TIMER0_A0 
*          0    0000fff2    00000002     
                  0000fff2    00000002     rts430_eabi.lib : int09.obj (.int09)

WDT        0    0000fff4    00000002     
                  0000fff4    00000002     rts430_eabi.lib : int10.obj (.int10)

COMPARATORA 
*          0    0000fff6    00000002     
                  0000fff6    00000002     rts430_eabi.lib : int11.obj (.int11)

NMI        0    0000fffc    00000002     
                  0000fffc    00000002     rts430_eabi.lib : int14.obj (.int14)

.reset     0    0000fffe    00000002     
                  0000fffe    00000002     rts430_eabi.lib : boot.obj (.reset)


LINKER GENERATED COPY TABLES

__TI_cinit_table @ 0000e3f2 records: 2, size/record: 4, table size: 8
	.data: load addr=0000e3de, load size=00000009 bytes, run addr=00000200, run size=00000010 bytes, compression=rle
	.bss: load addr=0000e3ee, load size=00000004 bytes, run addr=00000210, run size=00000004 bytes, compression=zero_init


LINKER GENERATED HANDLER TABLE

__TI_handler_table @ 0000e3e8 records: 3, size/record: 2, table size: 6
	index: 0, handler: __TI_zero_init
	index: 1, handler: __TI_decompress_rle24
	index: 2, handler: __TI_decompress_none


GLOBAL SYMBOLS: SORTED ALPHABETICALLY BY Name 

address   name                    
-------   ----                    
0000004a  ADC10AE0                
000001b0  ADC10CTL0               
000001b2  ADC10CTL1               
00000048  ADC10DTC0               
00000049  ADC10DTC1               
000001b4  ADC10MEM                
000001bc  ADC10SA                 
00000057  BCSCTL1                 
00000058  BCSCTL2                 
00000053  BCSCTL3                 
0000e3c2  C$$EXIT                 
00000059  CACTL1                  
0000005a  CACTL2                  
000010fb  CALBC1_12MHZ            
000010f9  CALBC1_16MHZ            
000010ff  CALBC1_1MHZ             
000010fd  CALBC1_8MHZ             
000010fa  CALDCO_12MHZ            
000010f8  CALDCO_16MHZ            
000010fe  CALDCO_1MHZ             
000010fc  CALDCO_8MHZ             
0000005b  CAPD                    
00000056  DCOCTL                  
00000128  FCTL1                   
0000012a  FCTL2                   
0000012c  FCTL3                   
00000000  IE1                     
00000002  IFG1                    
00000022  P1DIR                   
00000025  P1IE                    
00000024  P1IES                   
00000023  P1IFG                   
00000020  P1IN                    
00000021  P1OUT                   
00000027  P1REN                   
00000026  P1SEL                   
00000041  P1SEL2                  
0000002a  P2DIR                   
0000002d  P2IE                    
0000002c  P2IES                   
0000002b  P2IFG                   
00000028  P2IN                    
00000029  P2OUT                   
0000002f  P2REN                   
0000002e  P2SEL                   
00000042  P2SEL2                  
0000e000  Port_1                  
00000172  TA0CCR0                 
00000174  TA0CCR1                 
00000176  TA0CCR2                 
00000162  TA0CCTL0                
00000164  TA0CCTL1                
00000166  TA0CCTL2                
00000160  TA0CTL                  
0000012e  TA0IV                   
00000170  TA0R                    
0000e35e  Timer_A                 
0000007a  USICCTL                 
0000007a  USICKCTL                
0000007b  USICNT                  
00000078  USICTL                  
00000078  USICTL0                 
00000079  USICTL1                 
0000007c  USISR                   
0000007d  USISRH                  
0000007c  USISRL                  
00000120  WDTCTL                  
00000300  __STACK_END             
00000050  __STACK_SIZE            
0000e3f2  __TI_CINIT_Base         
0000e3fa  __TI_CINIT_Limit        
0000e3e8  __TI_Handler_Table_Base 
0000e3ee  __TI_Handler_Table_Limit
UNDEFED   __TI_INITARRAY_Base     
UNDEFED   __TI_INITARRAY_Limit    
0000e3b2  __TI_ISR_TRAP           
0000e370  __TI_decompress_none    
0000e3b8  __TI_decompress_rle24   
0000ffe4  __TI_int02              
0000ffe6  __TI_int03              
0000ffe8  __TI_int04              
0000ffea  __TI_int05              
0000fff0  __TI_int08              
0000fff2  __TI_int09              
0000fff4  __TI_int10              
0000fff6  __TI_int11              
0000fffc  __TI_int14              
0000e336  __TI_zero_init          
ffffffff  __binit__               
ffffffff  __c_args__              
0000e3a0  __mspabi_func_epilog_1  
0000e39e  __mspabi_func_epilog_2  
0000e39c  __mspabi_func_epilog_3  
0000e39a  __mspabi_func_epilog_4  
0000e398  __mspabi_func_epilog_5  
0000e396  __mspabi_func_epilog_6  
0000e394  __mspabi_func_epilog_7  
0000e2e2  __mspabi_mpyl           
0000e2e2  __mspabi_mpyl_sw        
0000e2b6  __mspabi_srai           
0000e2de  __mspabi_srai_1         
0000e2cc  __mspabi_srai_10        
0000e2ca  __mspabi_srai_11        
0000e2c8  __mspabi_srai_12        
0000e2c6  __mspabi_srai_13        
0000e2c4  __mspabi_srai_14        
0000e2c2  __mspabi_srai_15        
0000e2dc  __mspabi_srai_2         
0000e2da  __mspabi_srai_3         
0000e2d8  __mspabi_srai_4         
0000e2d6  __mspabi_srai_5         
0000e2d4  __mspabi_srai_6         
0000e2d2  __mspabi_srai_7         
0000e2d0  __mspabi_srai_8         
0000e2ce  __mspabi_srai_9         
0000e168  _auto_init              
0000e308  _c_int00_noargs_noexit  
0000fffe  _reset_vector           
000002b0  _stack                  
0000e3be  _system_pre_init        
0000020a  a                       
0000e3c2  abort                   
ffffffff  binit                   
0000e3a4  check_busy              
0000e322  data_write              
0000e288  delay                   
0000020c  diff                    
00000210  i                       
00000212  j                       
0000e1c0  lcd_init                
0000e104  main                    
0000e382  memcpy                  
00000208  overflow                
00000200  ponto1                  
00000202  ponto1_overflow         
00000204  ponto2                  
00000206  ponto2_overflow         
0000e204  send_command            
0000e246  send_data               
0000e34a  send_string             


GLOBAL SYMBOLS: SORTED BY Symbol Address 

address   name                    
-------   ----                    
00000000  IE1                     
00000002  IFG1                    
00000020  P1IN                    
00000021  P1OUT                   
00000022  P1DIR                   
00000023  P1IFG                   
00000024  P1IES                   
00000025  P1IE                    
00000026  P1SEL                   
00000027  P1REN                   
00000028  P2IN                    
00000029  P2OUT                   
0000002a  P2DIR                   
0000002b  P2IFG                   
0000002c  P2IES                   
0000002d  P2IE                    
0000002e  P2SEL                   
0000002f  P2REN                   
00000041  P1SEL2                  
00000042  P2SEL2                  
00000048  ADC10DTC0               
00000049  ADC10DTC1               
0000004a  ADC10AE0                
00000050  __STACK_SIZE            
00000053  BCSCTL3                 
00000056  DCOCTL                  
00000057  BCSCTL1                 
00000058  BCSCTL2                 
00000059  CACTL1                  
0000005a  CACTL2                  
0000005b  CAPD                    
00000078  USICTL                  
00000078  USICTL0                 
00000079  USICTL1                 
0000007a  USICCTL                 
0000007a  USICKCTL                
0000007b  USICNT                  
0000007c  USISR                   
0000007c  USISRL                  
0000007d  USISRH                  
00000120  WDTCTL                  
00000128  FCTL1                   
0000012a  FCTL2                   
0000012c  FCTL3                   
0000012e  TA0IV                   
00000160  TA0CTL                  
00000162  TA0CCTL0                
00000164  TA0CCTL1                
00000166  TA0CCTL2                
00000170  TA0R                    
00000172  TA0CCR0                 
00000174  TA0CCR1                 
00000176  TA0CCR2                 
000001b0  ADC10CTL0               
000001b2  ADC10CTL1               
000001b4  ADC10MEM                
000001bc  ADC10SA                 
00000200  ponto1                  
00000202  ponto1_overflow         
00000204  ponto2                  
00000206  ponto2_overflow         
00000208  overflow                
0000020a  a                       
0000020c  diff                    
00000210  i                       
00000212  j                       
000002b0  _stack                  
00000300  __STACK_END             
000010f8  CALDCO_16MHZ            
000010f9  CALBC1_16MHZ            
000010fa  CALDCO_12MHZ            
000010fb  CALBC1_12MHZ            
000010fc  CALDCO_8MHZ             
000010fd  CALBC1_8MHZ             
000010fe  CALDCO_1MHZ             
000010ff  CALBC1_1MHZ             
0000e000  Port_1                  
0000e104  main                    
0000e168  _auto_init              
0000e1c0  lcd_init                
0000e204  send_command            
0000e246  send_data               
0000e288  delay                   
0000e2b6  __mspabi_srai           
0000e2c2  __mspabi_srai_15        
0000e2c4  __mspabi_srai_14        
0000e2c6  __mspabi_srai_13        
0000e2c8  __mspabi_srai_12        
0000e2ca  __mspabi_srai_11        
0000e2cc  __mspabi_srai_10        
0000e2ce  __mspabi_srai_9         
0000e2d0  __mspabi_srai_8         
0000e2d2  __mspabi_srai_7         
0000e2d4  __mspabi_srai_6         
0000e2d6  __mspabi_srai_5         
0000e2d8  __mspabi_srai_4         
0000e2da  __mspabi_srai_3         
0000e2dc  __mspabi_srai_2         
0000e2de  __mspabi_srai_1         
0000e2e2  __mspabi_mpyl           
0000e2e2  __mspabi_mpyl_sw        
0000e308  _c_int00_noargs_noexit  
0000e322  data_write              
0000e336  __TI_zero_init          
0000e34a  send_string             
0000e35e  Timer_A                 
0000e370  __TI_decompress_none    
0000e382  memcpy                  
0000e394  __mspabi_func_epilog_7  
0000e396  __mspabi_func_epilog_6  
0000e398  __mspabi_func_epilog_5  
0000e39a  __mspabi_func_epilog_4  
0000e39c  __mspabi_func_epilog_3  
0000e39e  __mspabi_func_epilog_2  
0000e3a0  __mspabi_func_epilog_1  
0000e3a4  check_busy              
0000e3b2  __TI_ISR_TRAP           
0000e3b8  __TI_decompress_rle24   
0000e3be  _system_pre_init        
0000e3c2  C$$EXIT                 
0000e3c2  abort                   
0000e3e8  __TI_Handler_Table_Base 
0000e3ee  __TI_Handler_Table_Limit
0000e3f2  __TI_CINIT_Base         
0000e3fa  __TI_CINIT_Limit        
0000ffe4  __TI_int02              
0000ffe6  __TI_int03              
0000ffe8  __TI_int04              
0000ffea  __TI_int05              
0000fff0  __TI_int08              
0000fff2  __TI_int09              
0000fff4  __TI_int10              
0000fff6  __TI_int11              
0000fffc  __TI_int14              
0000fffe  _reset_vector           
ffffffff  __binit__               
ffffffff  __c_args__              
ffffffff  binit                   
UNDEFED   __TI_INITARRAY_Base     
UNDEFED   __TI_INITARRAY_Limit    

[140 symbols]
