******************************************************************************
             TMS320C2000 Linker PC v6.4.2                      
******************************************************************************
>> Linked Fri Feb 19 13:08:55 2016

OUTPUT FILE NAME:   <Example_F2802xCpuTimer.out>
ENTRY POINT SYMBOL: "code_start"  address: 00000000


MEMORY CONFIGURATION

         name            origin    length      used     unused   attr    fill
----------------------  --------  ---------  --------  --------  ----  --------
PAGE 0:
  BEGIN                 00000000   00000002  00000002  00000000  RWIX
  RAMM0                 00000050   000003b0  000003b0  00000000  RWIX
  RAML0                 00008000   00000800  00000610  000001f0  RWIX
  IQTABLES              003fe000   00000b50  00000000  00000b50  RWIX
  IQTABLES2             003feb50   0000008c  00000000  0000008c  RWIX
  IQTABLES3             003febdc   000000aa  00000000  000000aa  RWIX
  BOOTROM               003ff27c   00000d44  00000000  00000d44  RWIX
  RESET                 003fffc0   00000002  00000000  00000002  RWIX

PAGE 1:
  BOOT_RSVD             00000002   0000004e  00000000  0000004e  RWIX
  RAMM1                 00000400   00000400  00000375  0000008b  RWIX
  DEV_EMU               00000880   00000105  00000004  00000101  RWIX
  SYS_PWR_CTL           00000985   00000003  00000003  00000000  RWIX
  FLASH_REGS            00000a80   00000060  00000008  00000058  RWIX
  CSM                   00000ae0   00000010  00000010  00000000  RWIX
  ADC_RESULT            00000b00   00000020  00000020  00000000  RWIX
  CPU_TIMER0            00000c00   00000008  00000008  00000000  RWIX
  CPU_TIMER1            00000c08   00000008  00000008  00000000  RWIX
  CPU_TIMER2            00000c10   00000008  00000008  00000000  RWIX
  PIE_CTRL              00000ce0   00000020  0000001a  00000006  RWIX
  PIE_VECT              00000d00   00000100  00000100  00000000  RWIX
  COMP1                 00006400   00000020  00000011  0000000f  RWIX
  COMP2                 00006420   00000020  00000011  0000000f  RWIX
  EPWM1                 00006800   00000040  00000040  00000000  RWIX
  EPWM2                 00006840   00000040  00000040  00000000  RWIX
  EPWM3                 00006880   00000040  00000040  00000000  RWIX
  EPWM4                 000068c0   00000040  00000040  00000000  RWIX
  ECAP1                 00006a00   00000020  00000020  00000000  RWIX
  GPIOCTRL              00006f80   00000040  00000040  00000000  RWIX
  GPIODAT               00006fc0   00000020  00000020  00000000  RWIX
  GPIOINT               00006fe0   00000020  0000000a  00000016  RWIX
  SYSTEM                00007010   00000020  0000001f  00000001  RWIX
  SPIA                  00007040   00000010  00000010  00000000  RWIX
  SCIA                  00007050   00000010  00000010  00000000  RWIX
  NMIINTRUPT            00007060   00000010  00000010  00000000  RWIX
  XINTRUPT              00007070   00000010  00000010  00000000  RWIX
  ADC                   00007100   00000080  00000051  0000002f  RWIX
  I2CA                  00007900   00000040  00000022  0000001e  RWIX
  PARTID                003d7fff   00000001  00000001  00000000  RWIX
  CSM_PWL               003f7ff8   00000008  00000008  00000000  RWIX


SECTION ALLOCATION MAP

 output                                  attributes/
section   page    origin      length       input sections
--------  ----  ----------  ----------   ----------------
codestart 
*          0    00000000    00000002     
                  00000000    00000002     driverlib.lib : f2802xx_codestartbranch.obj (codestart)

.cinit     0    00000050    00000039     
                  00000050    00000023     Example_2802xCpuTimer.obj (.cinit)
                  00000073    0000000a     rts2800_ml.lib : exit.obj (.cinit)
                  0000007d    00000005                    : _lock.obj (.cinit:__lock)
                  00000082    00000005                    : _lock.obj (.cinit:__unlock)
                  00000087    00000002     --HOLE-- [fill = 0]

.text.1    0    00000089    00000377     
                  00000089    00000068     Example_2802xCpuTimer.obj (.text:retain)
                  000000f1    00000048     driverlib.lib : gpio.obj (.text:_GPIO_setMode)
                  00000139    00000044     rts2800_ml.lib : boot.obj (.text)
                  0000017d    0000002a                    : l_div.obj (.text)
                  000001a7    00000029     driverlib.lib : gpio.obj (.text:_GPIO_setDirection)
                  000001d0    00000029                   : gpio.obj (.text:_GPIO_setPullUp)
                  000001f9    00000027                   : gpio.obj (.text:_GPIO_setQualification)
                  00000220    0000001d                   : pie.obj (.text:_PIE_enableExtInt)
                  0000023d    00000019     rts2800_ml.lib : args_main.obj (.text)
                  00000256    00000019                    : exit.obj (.text)
                  0000026f    00000015     driverlib.lib : pll.obj (.text:_PLL_setup)
                  00000284    00000014                   : gpio.obj (.text:_GPIO_setHigh)
                  00000298    00000014                   : gpio.obj (.text:_GPIO_setLow)
                  000002ac    00000014                   : gpio.obj (.text:_GPIO_toggle)
                  000002c0    00000013                   : timer.obj (.text:_TIMER_setPreScaler)
                  000002d3    00000012                   : adc.obj (.text:_ADC_setSocChanNumber)
                  000002e5    00000012                   : adc.obj (.text:_ADC_setSocSampleWindow)
                  000002f7    00000011                   : adc.obj (.text:_ADC_setVoltRefSrc)
                  00000308    00000011                   : gpio.obj (.text:_GPIO_getData)
                  00000319    00000011                   : pie.obj (.text:_PIE_disableAllInts)
                  0000032a    00000011                   : pie.obj (.text:_PIE_setDebugIntVectorTable)
                  0000033b    0000000f                   : pie.obj (.text:_PIE_registerPieIntHandler)
                  0000034a    0000000f                   : pie.obj (.text:_PIE_setExtIntPolarity)
                  00000359    0000000b                   : gpio.obj (.text:_GPIO_setExtInt)
                  00000364    0000000b                   : pie.obj (.text:_PIE_registerSystemIntHandler)
                  0000036f    0000000a                   : adc.obj (.text:_ADC_enable)
                  00000379    0000000a                   : adc.obj (.text:_ADC_enableBandGap)
                  00000383    0000000a                   : adc.obj (.text:_ADC_enableRefBuffers)
                  0000038d    0000000a                   : adc.obj (.text:_ADC_enableTempSensor)
                  00000397    0000000a                   : adc.obj (.text:_ADC_init)
                  000003a1    0000000a                   : adc.obj (.text:_ADC_powerUp)
                  000003ab    0000000a                   : pie.obj (.text:_PIE_enableInt)
                  000003b5    0000000a                   : pie.obj (.text:_PIE_init)
                  000003bf    00000009     rts2800_ml.lib : _lock.obj (.text)
                  000003c8    00000008     driverlib.lib : clk.obj (.text:_CLK_init)
                  000003d0    00000008                   : flash.obj (.text:_FLASH_init)
                  000003d8    00000008                   : gpio.obj (.text:_GPIO_init)
                  000003e0    00000008                   : pll.obj (.text:_PLL_init)
                  000003e8    00000008                   : timer.obj (.text:_TIMER_init)
                  000003f0    00000008                   : wdog.obj (.text:_WDOG_disable)
                  000003f8    00000008                   : wdog.obj (.text:_WDOG_init)

.text.2    0    00008000    00000610     
                  00008000    000004b6     Example_2802xCpuTimer.obj (.text)
                  000084b6    00000008     driverlib.lib : f2802xx_codestartbranch.obj (.text)
                  000084be    00000007                   : clk.obj (.text:_CLK_enableAdcClock)
                  000084c5    00000007                   : clk.obj (.text:_CLK_setOscSrc)
                  000084cc    00000007                   : pll.obj (.text:_PLL_setDivider)
                  000084d3    00000006                   : pll.obj (.text:_PLL_setMultiplier)
                  000084d9    00000006                   : timer.obj (.text:_TIMER_setEmulationMode)
                  000084df    00000005                   : f2802xx_defaultisr.obj (.text:_ADCINT1_ISR)
                  000084e4    00000005                   : f2802xx_defaultisr.obj (.text:_ADCINT2_ISR)
                  000084e9    00000005                   : f2802xx_defaultisr.obj (.text:_ADCINT3_ISR)
                  000084ee    00000005                   : f2802xx_defaultisr.obj (.text:_ADCINT4_ISR)
                  000084f3    00000005                   : f2802xx_defaultisr.obj (.text:_ADCINT5_ISR)
                  000084f8    00000005                   : f2802xx_defaultisr.obj (.text:_ADCINT6_ISR)
                  000084fd    00000005                   : f2802xx_defaultisr.obj (.text:_ADCINT7_ISR)
                  00008502    00000005                   : f2802xx_defaultisr.obj (.text:_ADCINT8_ISR)
                  00008507    00000005                   : f2802xx_defaultisr.obj (.text:_ADCINT9_ISR)
                  0000850c    00000005                   : f2802xx_defaultisr.obj (.text:_DATALOG_ISR)
                  00008511    00000005                   : f2802xx_defaultisr.obj (.text:_ECAP1_INT_ISR)
                  00008516    00000005                   : f2802xx_defaultisr.obj (.text:_EMPTY_ISR)
                  0000851b    00000005                   : f2802xx_defaultisr.obj (.text:_EMUINT_ISR)
                  00008520    00000005                   : f2802xx_defaultisr.obj (.text:_EPWM1_INT_ISR)
                  00008525    00000005                   : f2802xx_defaultisr.obj (.text:_EPWM1_TZINT_ISR)
                  0000852a    00000005                   : f2802xx_defaultisr.obj (.text:_EPWM2_INT_ISR)
                  0000852f    00000005                   : f2802xx_defaultisr.obj (.text:_EPWM2_TZINT_ISR)
                  00008534    00000005                   : f2802xx_defaultisr.obj (.text:_EPWM3_INT_ISR)
                  00008539    00000005                   : f2802xx_defaultisr.obj (.text:_EPWM3_TZINT_ISR)
                  0000853e    00000005                   : f2802xx_defaultisr.obj (.text:_EPWM4_INT_ISR)
                  00008543    00000005                   : f2802xx_defaultisr.obj (.text:_EPWM4_TZINT_ISR)
                  00008548    00000005                   : f2802xx_defaultisr.obj (.text:_I2CINT1A_ISR)
                  0000854d    00000005                   : f2802xx_defaultisr.obj (.text:_I2CINT2A_ISR)
                  00008552    00000005                   : f2802xx_defaultisr.obj (.text:_ILLEGAL_ISR)
                  00008557    00000005                   : f2802xx_defaultisr.obj (.text:_INT13_ISR)
                  0000855c    00000005                   : f2802xx_defaultisr.obj (.text:_INT14_ISR)
                  00008561    00000005                   : f2802xx_defaultisr.obj (.text:_NMI_ISR)
                  00008566    00000005                   : f2802xx_defaultisr.obj (.text:_PIE_RESERVED)
                  0000856b    00000005                   : pie.obj (.text:_PIE_illegalIsr)
                  00008570    00000005                   : f2802xx_defaultisr.obj (.text:_RTOSINT_ISR)
                  00008575    00000005                   : f2802xx_defaultisr.obj (.text:_SCIRXINTA_ISR)
                  0000857a    00000005                   : f2802xx_defaultisr.obj (.text:_SCITXINTA_ISR)
                  0000857f    00000005                   : f2802xx_defaultisr.obj (.text:_SPIRXINTA_ISR)
                  00008584    00000005                   : f2802xx_defaultisr.obj (.text:_SPITXINTA_ISR)
                  00008589    00000005                   : f2802xx_defaultisr.obj (.text:_TINT0_ISR)
                  0000858e    00000005                   : f2802xx_defaultisr.obj (.text:_USER10_ISR)
                  00008593    00000005                   : f2802xx_defaultisr.obj (.text:_USER11_ISR)
                  00008598    00000005                   : f2802xx_defaultisr.obj (.text:_USER12_ISR)
                  0000859d    00000005                   : f2802xx_defaultisr.obj (.text:_USER1_ISR)
                  000085a2    00000005                   : f2802xx_defaultisr.obj (.text:_USER2_ISR)
                  000085a7    00000005                   : f2802xx_defaultisr.obj (.text:_USER3_ISR)
                  000085ac    00000005                   : f2802xx_defaultisr.obj (.text:_USER4_ISR)
                  000085b1    00000005                   : f2802xx_defaultisr.obj (.text:_USER5_ISR)
                  000085b6    00000005                   : f2802xx_defaultisr.obj (.text:_USER6_ISR)
                  000085bb    00000005                   : f2802xx_defaultisr.obj (.text:_USER7_ISR)
                  000085c0    00000005                   : f2802xx_defaultisr.obj (.text:_USER8_ISR)
                  000085c5    00000005                   : f2802xx_defaultisr.obj (.text:_USER9_ISR)
                  000085ca    00000005                   : f2802xx_defaultisr.obj (.text:_WAKEINT_ISR)
                  000085cf    00000005                   : f2802xx_defaultisr.obj (.text:_XINT1_ISR)
                  000085d4    00000005                   : f2802xx_defaultisr.obj (.text:_XINT2_ISR)
                  000085d9    00000005                   : f2802xx_defaultisr.obj (.text:_XINT3_ISR)
                  000085de    00000005                   : f2802xx_defaultisr.obj (.text:_rsvd_ISR)
                  000085e3    00000004                   : cpu.obj (.text:_CPU_enableInt)
                  000085e7    00000003                   : cpu.obj (.text:_CPU_clearIntFlags)
                  000085ea    00000003                   : cpu.obj (.text:_CPU_disableGlobalInts)
                  000085ed    00000003                   : cpu.obj (.text:_CPU_enableDebugInt)
                  000085f0    00000003                   : cpu.obj (.text:_CPU_enableGlobalInts)
                  000085f3    00000003                   : pie.obj (.text:_PIE_disable)
                  000085f6    00000003                   : pie.obj (.text:_PIE_enable)
                  000085f9    00000003                   : pie.obj (.text:_PIE_enableTimer0Int)
                  000085fc    00000003                   : pll.obj (.text:_PLL_getClkStatus)
                  000085ff    00000003                   : pll.obj (.text:_PLL_getLockStatus)
                  00008602    00000003                   : timer.obj (.text:_TIMER_enableInt)
                  00008605    00000003                   : timer.obj (.text:_TIMER_reload)
                  00008608    00000003                   : timer.obj (.text:_TIMER_start)
                  0000860b    00000003                   : timer.obj (.text:_TIMER_stop)
                  0000860e    00000002                   : timer.obj (.text:_TIMER_setPeriod)

.stack     1    00000400    00000200     UNINITIALIZED
                  00000400    00000200     --HOLE--

.econst    1    00000600    0000013e     
                  00000600    00000100     driverlib.lib : pie.obj (.econst:_PIE_tableDebugInit)
                  00000700    0000003e     Example_2802xCpuTimer.obj (.econst:.string)

.ebss      1    0000073e    00000037     UNINITIALIZED
                  0000073e    00000002     rts2800_ml.lib : _lock.obj (.ebss:__lock)
                  00000740    0000002e     Example_2802xCpuTimer.obj (.ebss)
                  0000076e    00000004     rts2800_ml.lib : exit.obj (.ebss)
                  00000772    00000002                    : _lock.obj (.ebss:__unlock)
                  00000774    00000001     driverlib.lib : cpu.obj (.ebss)

DevEmuRegsFile 
*          1    00000880    00000004     UNINITIALIZED
                  00000880    00000004     driverlib.lib : F2802xX_GlobalVariableDefs.obj (DevEmuRegsFile)

SysPwrCtrlRegsFile 
*          1    00000985    00000003     UNINITIALIZED
                  00000985    00000003     driverlib.lib : F2802xX_GlobalVariableDefs.obj (SysPwrCtrlRegsFile)

FlashRegsFile 
*          1    00000a80    00000008     UNINITIALIZED
                  00000a80    00000008     driverlib.lib : F2802xX_GlobalVariableDefs.obj (FlashRegsFile)

CsmRegsFile 
*          1    00000ae0    00000010     UNINITIALIZED
                  00000ae0    00000010     driverlib.lib : F2802xX_GlobalVariableDefs.obj (CsmRegsFile)

AdcResultFile 
*          1    00000b00    00000020     UNINITIALIZED
                  00000b00    00000020     driverlib.lib : F2802xX_GlobalVariableDefs.obj (AdcResultFile)

CpuTimer0RegsFile 
*          1    00000c00    00000008     UNINITIALIZED
                  00000c00    00000008     driverlib.lib : F2802xX_GlobalVariableDefs.obj (CpuTimer0RegsFile)

CpuTimer1RegsFile 
*          1    00000c08    00000008     UNINITIALIZED
                  00000c08    00000008     driverlib.lib : F2802xX_GlobalVariableDefs.obj (CpuTimer1RegsFile)

CpuTimer2RegsFile 
*          1    00000c10    00000008     UNINITIALIZED
                  00000c10    00000008     driverlib.lib : F2802xX_GlobalVariableDefs.obj (CpuTimer2RegsFile)

PieCtrlRegsFile 
*          1    00000ce0    0000001a     UNINITIALIZED
                  00000ce0    0000001a     driverlib.lib : F2802xX_GlobalVariableDefs.obj (PieCtrlRegsFile)

PieVectTableFile 
*          1    00000d00    00000100     UNINITIALIZED
                  00000d00    00000100     driverlib.lib : F2802xX_GlobalVariableDefs.obj (PieVectTableFile)

EmuKeyVar 
*          1    00000d00    00000001     UNINITIALIZED
                  00000d00    00000001     driverlib.lib : F2802xX_GlobalVariableDefs.obj (EmuKeyVar)

EmuBModeVar 
*          1    00000d01    00000001     UNINITIALIZED
                  00000d01    00000001     driverlib.lib : F2802xX_GlobalVariableDefs.obj (EmuBModeVar)

FlashCallbackVar 
*          1    00000d02    00000002     UNINITIALIZED
                  00000d02    00000002     driverlib.lib : F2802xX_GlobalVariableDefs.obj (FlashCallbackVar)

FlashScalingVar 
*          1    00000d04    00000002     UNINITIALIZED
                  00000d04    00000002     driverlib.lib : F2802xX_GlobalVariableDefs.obj (FlashScalingVar)

Comp1RegsFile 
*          1    00006400    00000011     UNINITIALIZED
                  00006400    00000011     driverlib.lib : F2802xX_GlobalVariableDefs.obj (Comp1RegsFile)

Comp2RegsFile 
*          1    00006420    00000011     UNINITIALIZED
                  00006420    00000011     driverlib.lib : F2802xX_GlobalVariableDefs.obj (Comp2RegsFile)

EPwm1RegsFile 
*          1    00006800    00000040     UNINITIALIZED
                  00006800    00000040     driverlib.lib : F2802xX_GlobalVariableDefs.obj (EPwm1RegsFile)

EPwm2RegsFile 
*          1    00006840    00000040     UNINITIALIZED
                  00006840    00000040     driverlib.lib : F2802xX_GlobalVariableDefs.obj (EPwm2RegsFile)

EPwm3RegsFile 
*          1    00006880    00000040     UNINITIALIZED
                  00006880    00000040     driverlib.lib : F2802xX_GlobalVariableDefs.obj (EPwm3RegsFile)

EPwm4RegsFile 
*          1    000068c0    00000040     UNINITIALIZED
                  000068c0    00000040     driverlib.lib : F2802xX_GlobalVariableDefs.obj (EPwm4RegsFile)

ECap1RegsFile 
*          1    00006a00    00000020     UNINITIALIZED
                  00006a00    00000020     driverlib.lib : F2802xX_GlobalVariableDefs.obj (ECap1RegsFile)

GpioCtrlRegsFile 
*          1    00006f80    00000040     UNINITIALIZED
                  00006f80    00000040     driverlib.lib : F2802xX_GlobalVariableDefs.obj (GpioCtrlRegsFile)

GpioDataRegsFile 
*          1    00006fc0    00000020     UNINITIALIZED
                  00006fc0    00000020     driverlib.lib : F2802xX_GlobalVariableDefs.obj (GpioDataRegsFile)

GpioIntRegsFile 
*          1    00006fe0    0000000a     UNINITIALIZED
                  00006fe0    0000000a     driverlib.lib : F2802xX_GlobalVariableDefs.obj (GpioIntRegsFile)

SysCtrlRegsFile 
*          1    00007010    0000001f     UNINITIALIZED
                  00007010    0000001f     driverlib.lib : F2802xX_GlobalVariableDefs.obj (SysCtrlRegsFile)

SpiaRegsFile 
*          1    00007040    00000010     UNINITIALIZED
                  00007040    00000010     driverlib.lib : F2802xX_GlobalVariableDefs.obj (SpiaRegsFile)

SciaRegsFile 
*          1    00007050    00000010     UNINITIALIZED
                  00007050    00000010     driverlib.lib : F2802xX_GlobalVariableDefs.obj (SciaRegsFile)

NmiIntruptRegsFile 
*          1    00007060    00000010     UNINITIALIZED
                  00007060    00000010     driverlib.lib : F2802xX_GlobalVariableDefs.obj (NmiIntruptRegsFile)

XIntruptRegsFile 
*          1    00007070    00000010     UNINITIALIZED
                  00007070    00000010     driverlib.lib : F2802xX_GlobalVariableDefs.obj (XIntruptRegsFile)

AdcRegsFile 
*          1    00007100    00000051     UNINITIALIZED
                  00007100    00000051     driverlib.lib : F2802xX_GlobalVariableDefs.obj (AdcRegsFile)

I2caRegsFile 
*          1    00007900    00000022     UNINITIALIZED
                  00007900    00000022     driverlib.lib : F2802xX_GlobalVariableDefs.obj (I2caRegsFile)

PartIdRegsFile 
*          1    003d7fff    00000001     UNINITIALIZED
                  003d7fff    00000001     driverlib.lib : F2802xX_GlobalVariableDefs.obj (PartIdRegsFile)

CsmPwlFile 
*          1    003f7ff8    00000008     UNINITIALIZED
                  003f7ff8    00000008     driverlib.lib : F2802xX_GlobalVariableDefs.obj (CsmPwlFile)

.pinit     0    00000050    00000000     UNINITIALIZED

.reset     0    003fffc0    00000002     DSECT
                  003fffc0    00000002     rts2800_ml.lib : boot.obj (.reset)


GLOBAL DATA SYMBOLS: SORTED BY DATA PAGE

address     data page           name
--------    ----------------    ----
00000400      10 (00000400)     __stack

00000600      18 (00000600)     _PIE_tableDebugInit

0000073e      1c (00000700)     __lock

00000740      1d (00000740)     _myAdc
00000742      1d (00000740)     _resto_vel_fps
00000744      1d (00000740)     _temperatura
00000746      1d (00000740)     _ponto2
00000748      1d (00000740)     _estado
0000074a      1d (00000740)     _vel_fps
0000074c      1d (00000740)     _vel_ms
0000074e      1d (00000740)     _resto_vel_ms
00000750      1d (00000740)     _myTimer2
00000752      1d (00000740)     _myTimer1
00000754      1d (00000740)     _myPll
00000756      1d (00000740)     _myCpu
00000758      1d (00000740)     _myFlash
0000075a      1d (00000740)     _myClk
0000075c      1d (00000740)     _myTimer0
0000075e      1d (00000740)     _myPie
00000760      1d (00000740)     _timer0IntCount
00000762      1d (00000740)     _j
00000764      1d (00000740)     _timer2IntCount
00000766      1d (00000740)     _timer1IntCount
00000768      1d (00000740)     _myGpio
0000076a      1d (00000740)     _i
0000076c      1d (00000740)     _myWDog
0000076e      1d (00000740)     ___TI_cleanup_ptr
00000770      1d (00000740)     ___TI_dtors_ptr
00000772      1d (00000740)     __unlock
00000774      1d (00000740)     _cpu

00000880      22 (00000880)     _DevEmuRegs

00000985      26 (00000980)     _SysPwrCtrlRegs

00000a80      2a (00000a80)     _FlashRegs

00000ae0      2b (00000ac0)     _CsmRegs

00000b00      2c (00000b00)     _AdcResult

00000c00      30 (00000c00)     _CpuTimer0Regs
00000c08      30 (00000c00)     _CpuTimer1Regs
00000c10      30 (00000c00)     _CpuTimer2Regs

00000ce0      33 (00000cc0)     _PieCtrlRegs

00000d00      34 (00000d00)     _EmuKey
00000d00      34 (00000d00)     _PieVectTable
00000d01      34 (00000d00)     _EmuBMode
00000d02      34 (00000d00)     _Flash_CallbackPtr
00000d04      34 (00000d00)     _Flash_CPUScaleFactor

00006400     190 (00006400)     _Comp1Regs
00006420     190 (00006400)     _Comp2Regs

00006800     1a0 (00006800)     _EPwm1Regs

00006840     1a1 (00006840)     _EPwm2Regs

00006880     1a2 (00006880)     _EPwm3Regs

000068c0     1a3 (000068c0)     _EPwm4Regs

00006a00     1a8 (00006a00)     _ECap1Regs

00006f80     1be (00006f80)     _GpioCtrlRegs

00006fc0     1bf (00006fc0)     _GpioDataRegs
00006fe0     1bf (00006fc0)     _GpioIntRegs

00007010     1c0 (00007000)     _SysCtrlRegs

00007040     1c1 (00007040)     _SpiaRegs
00007050     1c1 (00007040)     _SciaRegs
00007060     1c1 (00007040)     _NmiIntruptRegs
00007070     1c1 (00007040)     _XIntruptRegs

00007100     1c4 (00007100)     _AdcRegs

00007900     1e4 (00007900)     _I2caRegs

003d7fff    f5ff (003d7fc0)     _PartIdRegs

003f7ff8    fdff (003f7fc0)     _CsmPwl


GLOBAL SYMBOLS: SORTED ALPHABETICALLY BY Name 

page  address   name                         
----  -------   ----                         
abs   ffffffff  .text                        
0     00000256  C$$EXIT                      
0     0000017d  L$$DIV                       
0     0000018c  L$$MOD                       
0     0000019a  UL$$DIV                      
0     000001a1  UL$$MOD                      
0     000084df  _ADCINT1_ISR                 
0     000084e4  _ADCINT2_ISR                 
0     000084e9  _ADCINT3_ISR                 
0     000084ee  _ADCINT4_ISR                 
0     000084f3  _ADCINT5_ISR                 
0     000084f8  _ADCINT6_ISR                 
0     000084fd  _ADCINT7_ISR                 
0     00008502  _ADCINT8_ISR                 
0     00008507  _ADCINT9_ISR                 
0     0000036f  _ADC_enable                  
0     00000379  _ADC_enableBandGap           
0     00000383  _ADC_enableRefBuffers        
0     0000038d  _ADC_enableTempSensor        
0     00000397  _ADC_init                    
0     000003a1  _ADC_powerUp                 
0     000002d3  _ADC_setSocChanNumber        
0     000002e5  _ADC_setSocSampleWindow      
0     000002f7  _ADC_setVoltRefSrc           
1     00007100  _AdcRegs                     
1     00000b00  _AdcResult                   
0     000082ca  _Adc_init                    
0     000084be  _CLK_enableAdcClock          
0     000003c8  _CLK_init                    
0     000084c5  _CLK_setOscSrc               
0     000085e7  _CPU_clearIntFlags           
0     000085ea  _CPU_disableGlobalInts       
0     000085ed  _CPU_enableDebugInt          
0     000085f0  _CPU_enableGlobalInts        
0     000085e3  _CPU_enableInt               
0     0000849a  _Clock_init                  
1     00006400  _Comp1Regs                   
1     00006420  _Comp2Regs                   
1     00000c00  _CpuTimer0Regs               
1     00000c08  _CpuTimer1Regs               
1     00000c10  _CpuTimer2Regs               
1     003f7ff8  _CsmPwl                      
1     00000ae0  _CsmRegs                     
0     0000850c  _DATALOG_ISR                 
1     00000880  _DevEmuRegs                  
0     00008511  _ECAP1_INT_ISR               
1     00006a00  _ECap1Regs                   
0     00008516  _EMPTY_ISR                   
0     0000851b  _EMUINT_ISR                  
0     00008520  _EPWM1_INT_ISR               
0     00008525  _EPWM1_TZINT_ISR             
0     0000852a  _EPWM2_INT_ISR               
0     0000852f  _EPWM2_TZINT_ISR             
0     00008534  _EPWM3_INT_ISR               
0     00008539  _EPWM3_TZINT_ISR             
0     0000853e  _EPWM4_INT_ISR               
0     00008543  _EPWM4_TZINT_ISR             
1     00006800  _EPwm1Regs                   
1     00006840  _EPwm2Regs                   
1     00006880  _EPwm3Regs                   
1     000068c0  _EPwm4Regs                   
1     00000d01  _EmuBMode                    
1     00000d00  _EmuKey                      
0     000003d0  _FLASH_init                  
1     00000a80  _FlashRegs                   
1     00000d04  _Flash_CPUScaleFactor        
1     00000d02  _Flash_CallbackPtr           
0     00000308  _GPIO_getData                
0     000003d8  _GPIO_init                   
0     000001a7  _GPIO_setDirection           
0     00000359  _GPIO_setExtInt              
0     00000284  _GPIO_setHigh                
0     00000298  _GPIO_setLow                 
0     000000f1  _GPIO_setMode                
0     000001d0  _GPIO_setPullUp              
0     000001f9  _GPIO_setQualification       
0     000002ac  _GPIO_toggle                 
1     00006f80  _GpioCtrlRegs                
1     00006fc0  _GpioDataRegs                
1     00006fe0  _GpioIntRegs                 
0     000082f9  _Gpio_init                   
0     00008548  _I2CINT1A_ISR                
0     0000854d  _I2CINT2A_ISR                
1     00007900  _I2caRegs                    
0     00008552  _ILLEGAL_ISR                 
0     00008557  _INT13_ISR                   
0     0000855c  _INT14_ISR                   
0     0000840a  _Int_init                    
0     00008561  _NMI_ISR                     
1     00007060  _NmiIntruptRegs              
0     00008566  _PIE_RESERVED                
0     000085f3  _PIE_disable                 
0     00000319  _PIE_disableAllInts          
0     000085f6  _PIE_enable                  
0     00000220  _PIE_enableExtInt            
0     000003ab  _PIE_enableInt               
0     000085f9  _PIE_enableTimer0Int         
0     0000856b  _PIE_illegalIsr              
0     000003b5  _PIE_init                    
0     0000033b  _PIE_registerPieIntHandler   
0     00000364  _PIE_registerSystemIntHandler
0     0000032a  _PIE_setDebugIntVectorTable  
0     0000034a  _PIE_setExtIntPolarity       
1     00000600  _PIE_tableDebugInit          
0     000085fc  _PLL_getClkStatus            
0     000085ff  _PLL_getLockStatus           
0     000003e0  _PLL_init                    
0     000084cc  _PLL_setDivider              
0     000084d3  _PLL_setMultiplier           
0     0000026f  _PLL_setup                   
1     003d7fff  _PartIdRegs                  
1     00000ce0  _PieCtrlRegs                 
1     00000d00  _PieVectTable                
0     00008570  _RTOSINT_ISR                 
0     00008575  _SCIRXINTA_ISR               
0     0000857a  _SCITXINTA_ISR               
0     0000857f  _SPIRXINTA_ISR               
0     00008584  _SPITXINTA_ISR               
1     00007050  _SciaRegs                    
1     00007040  _SpiaRegs                    
1     00007010  _SysCtrlRegs                 
1     00000985  _SysPwrCtrlRegs              
0     00008602  _TIMER_enableInt             
0     000003e8  _TIMER_init                  
0     00008605  _TIMER_reload                
0     000084d9  _TIMER_setEmulationMode      
0     0000860e  _TIMER_setPeriod             
0     000002c0  _TIMER_setPreScaler          
0     00008608  _TIMER_start                 
0     0000860b  _TIMER_stop                  
0     00008589  _TINT0_ISR                   
0     000083bd  _Timer_init                  
0     0000858e  _USER10_ISR                  
0     00008593  _USER11_ISR                  
0     00008598  _USER12_ISR                  
0     0000859d  _USER1_ISR                   
0     000085a2  _USER2_ISR                   
0     000085a7  _USER3_ISR                   
0     000085ac  _USER4_ISR                   
0     000085b1  _USER5_ISR                   
0     000085b6  _USER6_ISR                   
0     000085bb  _USER7_ISR                   
0     000085c0  _USER8_ISR                   
0     000085c5  _USER9_ISR                   
0     000085ca  _WAKEINT_ISR                 
0     000003f0  _WDOG_disable                
0     000003f8  _WDOG_init                   
0     000085cf  _XINT1_ISR                   
0     000085d4  _XINT2_ISR                   
0     000085d9  _XINT3_ISR                   
1     00007070  _XIntruptRegs                
1     00000600  __STACK_END                  
abs   00000200  __STACK_SIZE                 
1     0000076e  ___TI_cleanup_ptr            
1     00000770  ___TI_dtors_ptr              
abs   ffffffff  ___binit__                   
abs   ffffffff  ___c_args__                  
0     00000050  ___cinit__                   
abs   ffffffff  ___etext__                   
abs   ffffffff  ___pinit__                   
abs   ffffffff  ___text__                    
0     0000023d  __args_main                  
1     0000073e  __lock                       
0     000003c7  __nop                        
0     000003c3  __register_lock              
0     000003bf  __register_unlock            
1     00000400  __stack                      
1     00000772  __unlock                     
0     00000256  _abort                       
0     00000139  _c_int00                     
0     0000807e  _check_busy                  
1     00000774  _cpu                         
0     00000089  _cpu_timer1_isr              
0     000000a7  _cpu_timer2_isr              
0     00008070  _data_read                   
0     00008062  _data_write                  
0     00008042  _delay                       
1     00000748  _estado                      
0     00000258  _exit                        
1     0000076a  _i                           
0     00008126  _integerToLcd                
0     0000817c  _integerToLcd_resto          
1     00000762  _j                           
0     00008110  _lcd_init                    
0     000081b4  _main                        
1     00000740  _myAdc                       
1     0000075a  _myClk                       
1     00000756  _myCpu                       
1     00000758  _myFlash                     
1     00000768  _myGpio                      
1     0000075e  _myPie                       
1     00000754  _myPll                       
1     0000075c  _myTimer0                    
1     00000752  _myTimer1                    
1     00000750  _myTimer2                    
1     0000076c  _myWDog                      
1     00000746  _ponto2                      
1     00000742  _resto_vel_fps               
1     0000074e  _resto_vel_ms                
0     000085de  _rsvd_ISR                    
0     000080a4  _send_command                
0     000080d3  _send_data                   
0     00008102  _send_string                 
0     000082b0  _temp_interna                
1     00000744  _temperatura                 
1     00000760  _timer0IntCount              
1     00000766  _timer1IntCount              
1     00000764  _timer2IntCount              
1     0000074a  _vel_fps                     
1     0000074c  _vel_ms                      
0     000000ac  _xint1_isr                   
0     000000ce  _xint2_isr                   
abs   ffffffff  binit                        
0     00000050  cinit                        
0     00000000  code_start                   
abs   ffffffff  etext                        
abs   ffffffff  pinit                        


GLOBAL SYMBOLS: SORTED BY Symbol Address 

page  address   name                         
----  -------   ----                         
0     00000000  code_start                   
0     00000050  ___cinit__                   
0     00000050  cinit                        
0     00000089  _cpu_timer1_isr              
0     000000a7  _cpu_timer2_isr              
0     000000ac  _xint1_isr                   
0     000000ce  _xint2_isr                   
0     000000f1  _GPIO_setMode                
0     00000139  _c_int00                     
0     0000017d  L$$DIV                       
0     0000018c  L$$MOD                       
0     0000019a  UL$$DIV                      
0     000001a1  UL$$MOD                      
0     000001a7  _GPIO_setDirection           
0     000001d0  _GPIO_setPullUp              
0     000001f9  _GPIO_setQualification       
0     00000220  _PIE_enableExtInt            
0     0000023d  __args_main                  
0     00000256  C$$EXIT                      
0     00000256  _abort                       
0     00000258  _exit                        
0     0000026f  _PLL_setup                   
0     00000284  _GPIO_setHigh                
0     00000298  _GPIO_setLow                 
0     000002ac  _GPIO_toggle                 
0     000002c0  _TIMER_setPreScaler          
0     000002d3  _ADC_setSocChanNumber        
0     000002e5  _ADC_setSocSampleWindow      
0     000002f7  _ADC_setVoltRefSrc           
0     00000308  _GPIO_getData                
0     00000319  _PIE_disableAllInts          
0     0000032a  _PIE_setDebugIntVectorTable  
0     0000033b  _PIE_registerPieIntHandler   
0     0000034a  _PIE_setExtIntPolarity       
0     00000359  _GPIO_setExtInt              
0     00000364  _PIE_registerSystemIntHandler
0     0000036f  _ADC_enable                  
0     00000379  _ADC_enableBandGap           
0     00000383  _ADC_enableRefBuffers        
0     0000038d  _ADC_enableTempSensor        
0     00000397  _ADC_init                    
0     000003a1  _ADC_powerUp                 
0     000003ab  _PIE_enableInt               
0     000003b5  _PIE_init                    
0     000003bf  __register_unlock            
0     000003c3  __register_lock              
0     000003c7  __nop                        
0     000003c8  _CLK_init                    
0     000003d0  _FLASH_init                  
0     000003d8  _GPIO_init                   
0     000003e0  _PLL_init                    
0     000003e8  _TIMER_init                  
0     000003f0  _WDOG_disable                
0     000003f8  _WDOG_init                   
0     00008042  _delay                       
0     00008062  _data_write                  
0     00008070  _data_read                   
0     0000807e  _check_busy                  
0     000080a4  _send_command                
0     000080d3  _send_data                   
0     00008102  _send_string                 
0     00008110  _lcd_init                    
0     00008126  _integerToLcd                
0     0000817c  _integerToLcd_resto          
0     000081b4  _main                        
0     000082b0  _temp_interna                
0     000082ca  _Adc_init                    
0     000082f9  _Gpio_init                   
0     000083bd  _Timer_init                  
0     0000840a  _Int_init                    
0     0000849a  _Clock_init                  
0     000084be  _CLK_enableAdcClock          
0     000084c5  _CLK_setOscSrc               
0     000084cc  _PLL_setDivider              
0     000084d3  _PLL_setMultiplier           
0     000084d9  _TIMER_setEmulationMode      
0     000084df  _ADCINT1_ISR                 
0     000084e4  _ADCINT2_ISR                 
0     000084e9  _ADCINT3_ISR                 
0     000084ee  _ADCINT4_ISR                 
0     000084f3  _ADCINT5_ISR                 
0     000084f8  _ADCINT6_ISR                 
0     000084fd  _ADCINT7_ISR                 
0     00008502  _ADCINT8_ISR                 
0     00008507  _ADCINT9_ISR                 
0     0000850c  _DATALOG_ISR                 
0     00008511  _ECAP1_INT_ISR               
0     00008516  _EMPTY_ISR                   
0     0000851b  _EMUINT_ISR                  
0     00008520  _EPWM1_INT_ISR               
0     00008525  _EPWM1_TZINT_ISR             
0     0000852a  _EPWM2_INT_ISR               
0     0000852f  _EPWM2_TZINT_ISR             
0     00008534  _EPWM3_INT_ISR               
0     00008539  _EPWM3_TZINT_ISR             
0     0000853e  _EPWM4_INT_ISR               
0     00008543  _EPWM4_TZINT_ISR             
0     00008548  _I2CINT1A_ISR                
0     0000854d  _I2CINT2A_ISR                
0     00008552  _ILLEGAL_ISR                 
0     00008557  _INT13_ISR                   
0     0000855c  _INT14_ISR                   
0     00008561  _NMI_ISR                     
0     00008566  _PIE_RESERVED                
0     0000856b  _PIE_illegalIsr              
0     00008570  _RTOSINT_ISR                 
0     00008575  _SCIRXINTA_ISR               
0     0000857a  _SCITXINTA_ISR               
0     0000857f  _SPIRXINTA_ISR               
0     00008584  _SPITXINTA_ISR               
0     00008589  _TINT0_ISR                   
0     0000858e  _USER10_ISR                  
0     00008593  _USER11_ISR                  
0     00008598  _USER12_ISR                  
0     0000859d  _USER1_ISR                   
0     000085a2  _USER2_ISR                   
0     000085a7  _USER3_ISR                   
0     000085ac  _USER4_ISR                   
0     000085b1  _USER5_ISR                   
0     000085b6  _USER6_ISR                   
0     000085bb  _USER7_ISR                   
0     000085c0  _USER8_ISR                   
0     000085c5  _USER9_ISR                   
0     000085ca  _WAKEINT_ISR                 
0     000085cf  _XINT1_ISR                   
0     000085d4  _XINT2_ISR                   
0     000085d9  _XINT3_ISR                   
0     000085de  _rsvd_ISR                    
0     000085e3  _CPU_enableInt               
0     000085e7  _CPU_clearIntFlags           
0     000085ea  _CPU_disableGlobalInts       
0     000085ed  _CPU_enableDebugInt          
0     000085f0  _CPU_enableGlobalInts        
0     000085f3  _PIE_disable                 
0     000085f6  _PIE_enable                  
0     000085f9  _PIE_enableTimer0Int         
0     000085fc  _PLL_getClkStatus            
0     000085ff  _PLL_getLockStatus           
0     00008602  _TIMER_enableInt             
0     00008605  _TIMER_reload                
0     00008608  _TIMER_start                 
0     0000860b  _TIMER_stop                  
0     0000860e  _TIMER_setPeriod             
1     00000400  __stack                      
1     00000600  _PIE_tableDebugInit          
1     00000600  __STACK_END                  
1     0000073e  __lock                       
1     00000740  _myAdc                       
1     00000742  _resto_vel_fps               
1     00000744  _temperatura                 
1     00000746  _ponto2                      
1     00000748  _estado                      
1     0000074a  _vel_fps                     
1     0000074c  _vel_ms                      
1     0000074e  _resto_vel_ms                
1     00000750  _myTimer2                    
1     00000752  _myTimer1                    
1     00000754  _myPll                       
1     00000756  _myCpu                       
1     00000758  _myFlash                     
1     0000075a  _myClk                       
1     0000075c  _myTimer0                    
1     0000075e  _myPie                       
1     00000760  _timer0IntCount              
1     00000762  _j                           
1     00000764  _timer2IntCount              
1     00000766  _timer1IntCount              
1     00000768  _myGpio                      
1     0000076a  _i                           
1     0000076c  _myWDog                      
1     0000076e  ___TI_cleanup_ptr            
1     00000770  ___TI_dtors_ptr              
1     00000772  __unlock                     
1     00000774  _cpu                         
1     00000880  _DevEmuRegs                  
1     00000985  _SysPwrCtrlRegs              
1     00000a80  _FlashRegs                   
1     00000ae0  _CsmRegs                     
1     00000b00  _AdcResult                   
1     00000c00  _CpuTimer0Regs               
1     00000c08  _CpuTimer1Regs               
1     00000c10  _CpuTimer2Regs               
1     00000ce0  _PieCtrlRegs                 
1     00000d00  _EmuKey                      
1     00000d00  _PieVectTable                
1     00000d01  _EmuBMode                    
1     00000d02  _Flash_CallbackPtr           
1     00000d04  _Flash_CPUScaleFactor        
1     00006400  _Comp1Regs                   
1     00006420  _Comp2Regs                   
1     00006800  _EPwm1Regs                   
1     00006840  _EPwm2Regs                   
1     00006880  _EPwm3Regs                   
1     000068c0  _EPwm4Regs                   
1     00006a00  _ECap1Regs                   
1     00006f80  _GpioCtrlRegs                
1     00006fc0  _GpioDataRegs                
1     00006fe0  _GpioIntRegs                 
1     00007010  _SysCtrlRegs                 
1     00007040  _SpiaRegs                    
1     00007050  _SciaRegs                    
1     00007060  _NmiIntruptRegs              
1     00007070  _XIntruptRegs                
1     00007100  _AdcRegs                     
1     00007900  _I2caRegs                    
1     003d7fff  _PartIdRegs                  
1     003f7ff8  _CsmPwl                      
abs   00000200  __STACK_SIZE                 
abs   ffffffff  .text                        
abs   ffffffff  ___binit__                   
abs   ffffffff  ___c_args__                  
abs   ffffffff  ___etext__                   
abs   ffffffff  ___pinit__                   
abs   ffffffff  ___text__                    
abs   ffffffff  binit                        
abs   ffffffff  etext                        
abs   ffffffff  pinit                        

[217 symbols]
