<?xml version="1.0"?>
<link_info>
   <banner>TMS320C2000 Linker PC v6.4.2</banner>
   <copyright>Copyright (c) 1996-2015 Texas Instruments Incorporated</copyright>
   <link_time>0x56c73007</link_time>
   <link_errors>0x0</link_errors>
   <output_file>Example_F2802xCpuTimer.out</output_file>
   <entry_point>
      <name>code_start</name>
      <address>0x0</address>
   </entry_point>
   <input_file_list>
      <input_file id="fl-2">
         <path>.\</path>
         <kind>object</kind>
         <file>Example_2802xCpuTimer.obj</file>
         <name>Example_2802xCpuTimer.obj</name>
      </input_file>
      <input_file id="fl-a">
         <path>C:\ti\controlSUITE\device_support\f2802x\v230\f2802x_common\lib\</path>
         <kind>archive</kind>
         <file>driverlib.lib</file>
         <name>F2802xX_GlobalVariableDefs.obj</name>
      </input_file>
      <input_file id="fl-b">
         <path>C:\ti\controlSUITE\device_support\f2802x\v230\f2802x_common\lib\</path>
         <kind>archive</kind>
         <file>driverlib.lib</file>
         <name>adc.obj</name>
      </input_file>
      <input_file id="fl-c">
         <path>C:\ti\controlSUITE\device_support\f2802x\v230\f2802x_common\lib\</path>
         <kind>archive</kind>
         <file>driverlib.lib</file>
         <name>clk.obj</name>
      </input_file>
      <input_file id="fl-d">
         <path>C:\ti\controlSUITE\device_support\f2802x\v230\f2802x_common\lib\</path>
         <kind>archive</kind>
         <file>driverlib.lib</file>
         <name>cpu.obj</name>
      </input_file>
      <input_file id="fl-e">
         <path>C:\ti\controlSUITE\device_support\f2802x\v230\f2802x_common\lib\</path>
         <kind>archive</kind>
         <file>driverlib.lib</file>
         <name>f2802xx_codestartbranch.obj</name>
      </input_file>
      <input_file id="fl-f">
         <path>C:\ti\controlSUITE\device_support\f2802x\v230\f2802x_common\lib\</path>
         <kind>archive</kind>
         <file>driverlib.lib</file>
         <name>flash.obj</name>
      </input_file>
      <input_file id="fl-10">
         <path>C:\ti\controlSUITE\device_support\f2802x\v230\f2802x_common\lib\</path>
         <kind>archive</kind>
         <file>driverlib.lib</file>
         <name>gpio.obj</name>
      </input_file>
      <input_file id="fl-11">
         <path>C:\ti\controlSUITE\device_support\f2802x\v230\f2802x_common\lib\</path>
         <kind>archive</kind>
         <file>driverlib.lib</file>
         <name>pie.obj</name>
      </input_file>
      <input_file id="fl-12">
         <path>C:\ti\controlSUITE\device_support\f2802x\v230\f2802x_common\lib\</path>
         <kind>archive</kind>
         <file>driverlib.lib</file>
         <name>pll.obj</name>
      </input_file>
      <input_file id="fl-13">
         <path>C:\ti\controlSUITE\device_support\f2802x\v230\f2802x_common\lib\</path>
         <kind>archive</kind>
         <file>driverlib.lib</file>
         <name>timer.obj</name>
      </input_file>
      <input_file id="fl-14">
         <path>C:\ti\controlSUITE\device_support\f2802x\v230\f2802x_common\lib\</path>
         <kind>archive</kind>
         <file>driverlib.lib</file>
         <name>wdog.obj</name>
      </input_file>
      <input_file id="fl-15">
         <path>C:\ti\controlSUITE\device_support\f2802x\v230\f2802x_common\lib\</path>
         <kind>archive</kind>
         <file>driverlib.lib</file>
         <name>f2802xx_defaultisr.obj</name>
      </input_file>
      <input_file id="fl-16">
         <path>C:\ti\ccsv6\tools\compiler\ti-cgt-c2000_6.4.2\lib\</path>
         <kind>archive</kind>
         <file>rts2800_ml.lib</file>
         <name>boot.obj</name>
      </input_file>
      <input_file id="fl-17">
         <path>C:\ti\ccsv6\tools\compiler\ti-cgt-c2000_6.4.2\lib\</path>
         <kind>archive</kind>
         <file>rts2800_ml.lib</file>
         <name>exit.obj</name>
      </input_file>
      <input_file id="fl-18">
         <path>C:\ti\ccsv6\tools\compiler\ti-cgt-c2000_6.4.2\lib\</path>
         <kind>archive</kind>
         <file>rts2800_ml.lib</file>
         <name>l_div.obj</name>
      </input_file>
      <input_file id="fl-19">
         <path>C:\ti\ccsv6\tools\compiler\ti-cgt-c2000_6.4.2\lib\</path>
         <kind>archive</kind>
         <file>rts2800_ml.lib</file>
         <name>_lock.obj</name>
      </input_file>
      <input_file id="fl-1a">
         <path>C:\ti\ccsv6\tools\compiler\ti-cgt-c2000_6.4.2\lib\</path>
         <kind>archive</kind>
         <file>rts2800_ml.lib</file>
         <name>args_main.obj</name>
      </input_file>
   </input_file_list>
   <object_component_list>
      <object_component id="oc-5e">
         <name>PieVectTableFile</name>
         <uninitialized>true</uninitialized>
         <run_address>0xd00</run_address>
         <size>0x100</size>
         <input_file_ref idref="fl-a"/>
      </object_component>
      <object_component id="oc-3e">
         <name>EmuKeyVar</name>
         <uninitialized>true</uninitialized>
         <run_address>0xd00</run_address>
         <size>0x1</size>
         <input_file_ref idref="fl-a"/>
      </object_component>
      <object_component id="oc-40">
         <name>EmuBModeVar</name>
         <uninitialized>true</uninitialized>
         <run_address>0xd01</run_address>
         <size>0x1</size>
         <input_file_ref idref="fl-a"/>
      </object_component>
      <object_component id="oc-42">
         <name>FlashCallbackVar</name>
         <uninitialized>true</uninitialized>
         <run_address>0xd02</run_address>
         <size>0x2</size>
         <input_file_ref idref="fl-a"/>
      </object_component>
      <object_component id="oc-41">
         <name>FlashScalingVar</name>
         <uninitialized>true</uninitialized>
         <run_address>0xd04</run_address>
         <size>0x2</size>
         <input_file_ref idref="fl-a"/>
      </object_component>
      <object_component id="oc-44">
         <name>DevEmuRegsFile</name>
         <uninitialized>true</uninitialized>
         <run_address>0x880</run_address>
         <size>0x4</size>
         <input_file_ref idref="fl-a"/>
      </object_component>
      <object_component id="oc-43">
         <name>SysPwrCtrlRegsFile</name>
         <uninitialized>true</uninitialized>
         <run_address>0x985</run_address>
         <size>0x3</size>
         <input_file_ref idref="fl-a"/>
      </object_component>
      <object_component id="oc-45">
         <name>FlashRegsFile</name>
         <uninitialized>true</uninitialized>
         <run_address>0xa80</run_address>
         <size>0x8</size>
         <input_file_ref idref="fl-a"/>
      </object_component>
      <object_component id="oc-4e">
         <name>CsmRegsFile</name>
         <uninitialized>true</uninitialized>
         <run_address>0xae0</run_address>
         <size>0x10</size>
         <input_file_ref idref="fl-a"/>
      </object_component>
      <object_component id="oc-56">
         <name>AdcResultFile</name>
         <uninitialized>true</uninitialized>
         <run_address>0xb00</run_address>
         <size>0x20</size>
         <input_file_ref idref="fl-a"/>
      </object_component>
      <object_component id="oc-46">
         <name>CpuTimer0RegsFile</name>
         <uninitialized>true</uninitialized>
         <run_address>0xc00</run_address>
         <size>0x8</size>
         <input_file_ref idref="fl-a"/>
      </object_component>
      <object_component id="oc-47">
         <name>CpuTimer1RegsFile</name>
         <uninitialized>true</uninitialized>
         <run_address>0xc08</run_address>
         <size>0x8</size>
         <input_file_ref idref="fl-a"/>
      </object_component>
      <object_component id="oc-48">
         <name>CpuTimer2RegsFile</name>
         <uninitialized>true</uninitialized>
         <run_address>0xc10</run_address>
         <size>0x8</size>
         <input_file_ref idref="fl-a"/>
      </object_component>
      <object_component id="oc-52">
         <name>PieCtrlRegsFile</name>
         <uninitialized>true</uninitialized>
         <run_address>0xce0</run_address>
         <size>0x1a</size>
         <input_file_ref idref="fl-a"/>
      </object_component>
      <object_component id="oc-55">
         <name>ECap1RegsFile</name>
         <uninitialized>true</uninitialized>
         <run_address>0x6a00</run_address>
         <size>0x20</size>
         <input_file_ref idref="fl-a"/>
      </object_component>
      <object_component id="oc-5c">
         <name>GpioCtrlRegsFile</name>
         <uninitialized>true</uninitialized>
         <run_address>0x6f80</run_address>
         <size>0x40</size>
         <input_file_ref idref="fl-a"/>
      </object_component>
      <object_component id="oc-54">
         <name>GpioDataRegsFile</name>
         <uninitialized>true</uninitialized>
         <run_address>0x6fc0</run_address>
         <size>0x20</size>
         <input_file_ref idref="fl-a"/>
      </object_component>
      <object_component id="oc-4a">
         <name>GpioIntRegsFile</name>
         <uninitialized>true</uninitialized>
         <run_address>0x6fe0</run_address>
         <size>0xa</size>
         <input_file_ref idref="fl-a"/>
      </object_component>
      <object_component id="oc-53">
         <name>SysCtrlRegsFile</name>
         <uninitialized>true</uninitialized>
         <run_address>0x7010</run_address>
         <size>0x1f</size>
         <input_file_ref idref="fl-a"/>
      </object_component>
      <object_component id="oc-4b">
         <name>SpiaRegsFile</name>
         <uninitialized>true</uninitialized>
         <run_address>0x7040</run_address>
         <size>0x10</size>
         <input_file_ref idref="fl-a"/>
      </object_component>
      <object_component id="oc-4c">
         <name>SciaRegsFile</name>
         <uninitialized>true</uninitialized>
         <run_address>0x7050</run_address>
         <size>0x10</size>
         <input_file_ref idref="fl-a"/>
      </object_component>
      <object_component id="oc-4d">
         <name>NmiIntruptRegsFile</name>
         <uninitialized>true</uninitialized>
         <run_address>0x7060</run_address>
         <size>0x10</size>
         <input_file_ref idref="fl-a"/>
      </object_component>
      <object_component id="oc-4f">
         <name>XIntruptRegsFile</name>
         <uninitialized>true</uninitialized>
         <run_address>0x7070</run_address>
         <size>0x10</size>
         <input_file_ref idref="fl-a"/>
      </object_component>
      <object_component id="oc-5d">
         <name>AdcRegsFile</name>
         <uninitialized>true</uninitialized>
         <run_address>0x7100</run_address>
         <size>0x51</size>
         <input_file_ref idref="fl-a"/>
      </object_component>
      <object_component id="oc-57">
         <name>I2caRegsFile</name>
         <uninitialized>true</uninitialized>
         <run_address>0x7900</run_address>
         <size>0x22</size>
         <input_file_ref idref="fl-a"/>
      </object_component>
      <object_component id="oc-51">
         <name>Comp1RegsFile</name>
         <uninitialized>true</uninitialized>
         <run_address>0x6400</run_address>
         <size>0x11</size>
         <input_file_ref idref="fl-a"/>
      </object_component>
      <object_component id="oc-50">
         <name>Comp2RegsFile</name>
         <uninitialized>true</uninitialized>
         <run_address>0x6420</run_address>
         <size>0x11</size>
         <input_file_ref idref="fl-a"/>
      </object_component>
      <object_component id="oc-5b">
         <name>EPwm1RegsFile</name>
         <uninitialized>true</uninitialized>
         <run_address>0x6800</run_address>
         <size>0x40</size>
         <input_file_ref idref="fl-a"/>
      </object_component>
      <object_component id="oc-59">
         <name>EPwm2RegsFile</name>
         <uninitialized>true</uninitialized>
         <run_address>0x6840</run_address>
         <size>0x40</size>
         <input_file_ref idref="fl-a"/>
      </object_component>
      <object_component id="oc-58">
         <name>EPwm3RegsFile</name>
         <uninitialized>true</uninitialized>
         <run_address>0x6880</run_address>
         <size>0x40</size>
         <input_file_ref idref="fl-a"/>
      </object_component>
      <object_component id="oc-5a">
         <name>EPwm4RegsFile</name>
         <uninitialized>true</uninitialized>
         <run_address>0x68c0</run_address>
         <size>0x40</size>
         <input_file_ref idref="fl-a"/>
      </object_component>
      <object_component id="oc-49">
         <name>CsmPwlFile</name>
         <uninitialized>true</uninitialized>
         <run_address>0x3f7ff8</run_address>
         <size>0x8</size>
         <input_file_ref idref="fl-a"/>
      </object_component>
      <object_component id="oc-3f">
         <name>PartIdRegsFile</name>
         <uninitialized>true</uninitialized>
         <run_address>0x3d7fff</run_address>
         <size>0x1</size>
         <input_file_ref idref="fl-a"/>
      </object_component>
      <object_component id="oc-33">
         <name>codestart</name>
         <load_address>0x0</load_address>
         <run_address>0x0</run_address>
         <size>0x2</size>
         <input_file_ref idref="fl-e"/>
      </object_component>
      <object_component id="oc-37">
         <name>.text:retain</name>
         <load_address>0x89</load_address>
         <run_address>0x89</run_address>
         <size>0x68</size>
         <input_file_ref idref="fl-2"/>
      </object_component>
      <object_component id="oc-102">
         <name>.text:_GPIO_setMode</name>
         <load_address>0xf1</load_address>
         <run_address>0xf1</run_address>
         <size>0x48</size>
         <input_file_ref idref="fl-10"/>
      </object_component>
      <object_component id="oc-cc">
         <name>.text</name>
         <load_address>0x139</load_address>
         <run_address>0x139</run_address>
         <size>0x44</size>
         <input_file_ref idref="fl-16"/>
      </object_component>
      <object_component id="oc-da">
         <name>.text</name>
         <load_address>0x17d</load_address>
         <run_address>0x17d</run_address>
         <size>0x2a</size>
         <input_file_ref idref="fl-18"/>
      </object_component>
      <object_component id="oc-ef">
         <name>.text:_GPIO_setDirection</name>
         <load_address>0x1a7</load_address>
         <run_address>0x1a7</run_address>
         <size>0x29</size>
         <input_file_ref idref="fl-10"/>
      </object_component>
      <object_component id="oc-101">
         <name>.text:_GPIO_setPullUp</name>
         <load_address>0x1d0</load_address>
         <run_address>0x1d0</run_address>
         <size>0x29</size>
         <input_file_ref idref="fl-10"/>
      </object_component>
      <object_component id="oc-103">
         <name>.text:_GPIO_setQualification</name>
         <load_address>0x1f9</load_address>
         <run_address>0x1f9</run_address>
         <size>0x27</size>
         <input_file_ref idref="fl-10"/>
      </object_component>
      <object_component id="oc-117">
         <name>.text:_PIE_enableExtInt</name>
         <load_address>0x220</load_address>
         <run_address>0x220</run_address>
         <size>0x1d</size>
         <input_file_ref idref="fl-11"/>
      </object_component>
      <object_component id="oc-eb">
         <name>.text</name>
         <load_address>0x23d</load_address>
         <run_address>0x23d</run_address>
         <size>0x19</size>
         <input_file_ref idref="fl-1a"/>
      </object_component>
      <object_component id="oc-ec">
         <name>.text</name>
         <load_address>0x256</load_address>
         <run_address>0x256</run_address>
         <size>0x19</size>
         <input_file_ref idref="fl-17"/>
      </object_component>
      <object_component id="oc-11e">
         <name>.text:_PLL_setup</name>
         <load_address>0x26f</load_address>
         <run_address>0x26f</run_address>
         <size>0x15</size>
         <input_file_ref idref="fl-12"/>
      </object_component>
      <object_component id="oc-ed">
         <name>.text:_GPIO_setHigh</name>
         <load_address>0x284</load_address>
         <run_address>0x284</run_address>
         <size>0x14</size>
         <input_file_ref idref="fl-10"/>
      </object_component>
      <object_component id="oc-ee">
         <name>.text:_GPIO_setLow</name>
         <load_address>0x298</load_address>
         <run_address>0x298</run_address>
         <size>0x14</size>
         <input_file_ref idref="fl-10"/>
      </object_component>
      <object_component id="oc-e9">
         <name>.text:_GPIO_toggle</name>
         <load_address>0x2ac</load_address>
         <run_address>0x2ac</run_address>
         <size>0x14</size>
         <input_file_ref idref="fl-10"/>
      </object_component>
      <object_component id="oc-107">
         <name>.text:_TIMER_setPreScaler</name>
         <load_address>0x2c0</load_address>
         <run_address>0x2c0</run_address>
         <size>0x13</size>
         <input_file_ref idref="fl-13"/>
      </object_component>
      <object_component id="oc-ff">
         <name>.text:_ADC_setSocChanNumber</name>
         <load_address>0x2d3</load_address>
         <run_address>0x2d3</run_address>
         <size>0x12</size>
         <input_file_ref idref="fl-b"/>
      </object_component>
      <object_component id="oc-100">
         <name>.text:_ADC_setSocSampleWindow</name>
         <load_address>0x2e5</load_address>
         <run_address>0x2e5</run_address>
         <size>0x12</size>
         <input_file_ref idref="fl-b"/>
      </object_component>
      <object_component id="oc-fd">
         <name>.text:_ADC_setVoltRefSrc</name>
         <load_address>0x2f7</load_address>
         <run_address>0x2f7</run_address>
         <size>0x11</size>
         <input_file_ref idref="fl-b"/>
      </object_component>
      <object_component id="oc-f0">
         <name>.text:_GPIO_getData</name>
         <load_address>0x308</load_address>
         <run_address>0x308</run_address>
         <size>0x11</size>
         <input_file_ref idref="fl-10"/>
      </object_component>
      <object_component id="oc-10d">
         <name>.text:_PIE_disableAllInts</name>
         <load_address>0x319</load_address>
         <run_address>0x319</run_address>
         <size>0x11</size>
         <input_file_ref idref="fl-11"/>
      </object_component>
      <object_component id="oc-110">
         <name>.text:_PIE_setDebugIntVectorTable</name>
         <load_address>0x32a</load_address>
         <run_address>0x32a</run_address>
         <size>0x11</size>
         <input_file_ref idref="fl-11"/>
      </object_component>
      <object_component id="oc-113">
         <name>.text:_PIE_registerPieIntHandler</name>
         <load_address>0x33b</load_address>
         <run_address>0x33b</run_address>
         <size>0xf</size>
         <input_file_ref idref="fl-11"/>
      </object_component>
      <object_component id="oc-115">
         <name>.text:_PIE_setExtIntPolarity</name>
         <load_address>0x34a</load_address>
         <run_address>0x34a</run_address>
         <size>0xf</size>
         <input_file_ref idref="fl-11"/>
      </object_component>
      <object_component id="oc-104">
         <name>.text:_GPIO_setExtInt</name>
         <load_address>0x359</load_address>
         <run_address>0x359</run_address>
         <size>0xb</size>
         <input_file_ref idref="fl-10"/>
      </object_component>
      <object_component id="oc-112">
         <name>.text:_PIE_registerSystemIntHandler</name>
         <load_address>0x364</load_address>
         <run_address>0x364</run_address>
         <size>0xb</size>
         <input_file_ref idref="fl-11"/>
      </object_component>
      <object_component id="oc-fc">
         <name>.text:_ADC_enable</name>
         <load_address>0x36f</load_address>
         <run_address>0x36f</run_address>
         <size>0xa</size>
         <input_file_ref idref="fl-b"/>
      </object_component>
      <object_component id="oc-f9">
         <name>.text:_ADC_enableBandGap</name>
         <load_address>0x379</load_address>
         <run_address>0x379</run_address>
         <size>0xa</size>
         <input_file_ref idref="fl-b"/>
      </object_component>
      <object_component id="oc-fa">
         <name>.text:_ADC_enableRefBuffers</name>
         <load_address>0x383</load_address>
         <run_address>0x383</run_address>
         <size>0xa</size>
         <input_file_ref idref="fl-b"/>
      </object_component>
      <object_component id="oc-fe">
         <name>.text:_ADC_enableTempSensor</name>
         <load_address>0x38d</load_address>
         <run_address>0x38d</run_address>
         <size>0xa</size>
         <input_file_ref idref="fl-b"/>
      </object_component>
      <object_component id="oc-f1">
         <name>.text:_ADC_init</name>
         <load_address>0x397</load_address>
         <run_address>0x397</run_address>
         <size>0xa</size>
         <input_file_ref idref="fl-b"/>
      </object_component>
      <object_component id="oc-fb">
         <name>.text:_ADC_powerUp</name>
         <load_address>0x3a1</load_address>
         <run_address>0x3a1</run_address>
         <size>0xa</size>
         <input_file_ref idref="fl-b"/>
      </object_component>
      <object_component id="oc-114">
         <name>.text:_PIE_enableInt</name>
         <load_address>0x3ab</load_address>
         <run_address>0x3ab</run_address>
         <size>0xa</size>
         <input_file_ref idref="fl-11"/>
      </object_component>
      <object_component id="oc-f5">
         <name>.text:_PIE_init</name>
         <load_address>0x3b5</load_address>
         <run_address>0x3b5</run_address>
         <size>0xa</size>
         <input_file_ref idref="fl-11"/>
      </object_component>
      <object_component id="oc-126">
         <name>.text</name>
         <load_address>0x3bf</load_address>
         <run_address>0x3bf</run_address>
         <size>0x9</size>
         <input_file_ref idref="fl-19"/>
      </object_component>
      <object_component id="oc-f2">
         <name>.text:_CLK_init</name>
         <load_address>0x3c8</load_address>
         <run_address>0x3c8</run_address>
         <size>0x8</size>
         <input_file_ref idref="fl-c"/>
      </object_component>
      <object_component id="oc-f3">
         <name>.text:_FLASH_init</name>
         <load_address>0x3d0</load_address>
         <run_address>0x3d0</run_address>
         <size>0x8</size>
         <input_file_ref idref="fl-f"/>
      </object_component>
      <object_component id="oc-f4">
         <name>.text:_GPIO_init</name>
         <load_address>0x3d8</load_address>
         <run_address>0x3d8</run_address>
         <size>0x8</size>
         <input_file_ref idref="fl-10"/>
      </object_component>
      <object_component id="oc-f6">
         <name>.text:_PLL_init</name>
         <load_address>0x3e0</load_address>
         <run_address>0x3e0</run_address>
         <size>0x8</size>
         <input_file_ref idref="fl-12"/>
      </object_component>
      <object_component id="oc-f7">
         <name>.text:_TIMER_init</name>
         <load_address>0x3e8</load_address>
         <run_address>0x3e8</run_address>
         <size>0x8</size>
         <input_file_ref idref="fl-13"/>
      </object_component>
      <object_component id="oc-11b">
         <name>.text:_WDOG_disable</name>
         <load_address>0x3f0</load_address>
         <run_address>0x3f0</run_address>
         <size>0x8</size>
         <input_file_ref idref="fl-14"/>
      </object_component>
      <object_component id="oc-f8">
         <name>.text:_WDOG_init</name>
         <load_address>0x3f8</load_address>
         <run_address>0x3f8</run_address>
         <size>0x8</size>
         <input_file_ref idref="fl-14"/>
      </object_component>
      <object_component id="oc-ea">
         <name>.text</name>
         <load_address>0x8000</load_address>
         <run_address>0x8000</run_address>
         <size>0x4b6</size>
         <input_file_ref idref="fl-2"/>
      </object_component>
      <object_component id="oc-70">
         <name>.text</name>
         <load_address>0x84b6</load_address>
         <run_address>0x84b6</run_address>
         <size>0x8</size>
         <input_file_ref idref="fl-e"/>
      </object_component>
      <object_component id="oc-11c">
         <name>.text:_CLK_enableAdcClock</name>
         <load_address>0x84be</load_address>
         <run_address>0x84be</run_address>
         <size>0x7</size>
         <input_file_ref idref="fl-c"/>
      </object_component>
      <object_component id="oc-11d">
         <name>.text:_CLK_setOscSrc</name>
         <load_address>0x84c5</load_address>
         <run_address>0x84c5</run_address>
         <size>0x7</size>
         <input_file_ref idref="fl-c"/>
      </object_component>
      <object_component id="oc-123">
         <name>.text:_PLL_setDivider</name>
         <load_address>0x84cc</load_address>
         <run_address>0x84cc</run_address>
         <size>0x7</size>
         <input_file_ref idref="fl-12"/>
      </object_component>
      <object_component id="oc-124">
         <name>.text:_PLL_setMultiplier</name>
         <load_address>0x84d3</load_address>
         <run_address>0x84d3</run_address>
         <size>0x6</size>
         <input_file_ref idref="fl-12"/>
      </object_component>
      <object_component id="oc-109">
         <name>.text:_TIMER_setEmulationMode</name>
         <load_address>0x84d9</load_address>
         <run_address>0x84d9</run_address>
         <size>0x6</size>
         <input_file_ref idref="fl-13"/>
      </object_component>
      <object_component id="oc-a8">
         <name>.text:_ADCINT1_ISR</name>
         <load_address>0x84df</load_address>
         <run_address>0x84df</run_address>
         <size>0x5</size>
         <input_file_ref idref="fl-15"/>
      </object_component>
      <object_component id="oc-a9">
         <name>.text:_ADCINT2_ISR</name>
         <load_address>0x84e4</load_address>
         <run_address>0x84e4</run_address>
         <size>0x5</size>
         <input_file_ref idref="fl-15"/>
      </object_component>
      <object_component id="oc-be">
         <name>.text:_ADCINT3_ISR</name>
         <load_address>0x84e9</load_address>
         <run_address>0x84e9</run_address>
         <size>0x5</size>
         <input_file_ref idref="fl-15"/>
      </object_component>
      <object_component id="oc-bf">
         <name>.text:_ADCINT4_ISR</name>
         <load_address>0x84ee</load_address>
         <run_address>0x84ee</run_address>
         <size>0x5</size>
         <input_file_ref idref="fl-15"/>
      </object_component>
      <object_component id="oc-c0">
         <name>.text:_ADCINT5_ISR</name>
         <load_address>0x84f3</load_address>
         <run_address>0x84f3</run_address>
         <size>0x5</size>
         <input_file_ref idref="fl-15"/>
      </object_component>
      <object_component id="oc-c1">
         <name>.text:_ADCINT6_ISR</name>
         <load_address>0x84f8</load_address>
         <run_address>0x84f8</run_address>
         <size>0x5</size>
         <input_file_ref idref="fl-15"/>
      </object_component>
      <object_component id="oc-c2">
         <name>.text:_ADCINT7_ISR</name>
         <load_address>0x84fd</load_address>
         <run_address>0x84fd</run_address>
         <size>0x5</size>
         <input_file_ref idref="fl-15"/>
      </object_component>
      <object_component id="oc-c3">
         <name>.text:_ADCINT8_ISR</name>
         <load_address>0x8502</load_address>
         <run_address>0x8502</run_address>
         <size>0x5</size>
         <input_file_ref idref="fl-15"/>
      </object_component>
      <object_component id="oc-ac">
         <name>.text:_ADCINT9_ISR</name>
         <load_address>0x8507</load_address>
         <run_address>0x8507</run_address>
         <size>0x5</size>
         <input_file_ref idref="fl-15"/>
      </object_component>
      <object_component id="oc-97">
         <name>.text:_DATALOG_ISR</name>
         <load_address>0x850c</load_address>
         <run_address>0x850c</run_address>
         <size>0x5</size>
         <input_file_ref idref="fl-15"/>
      </object_component>
      <object_component id="oc-b7">
         <name>.text:_ECAP1_INT_ISR</name>
         <load_address>0x8511</load_address>
         <run_address>0x8511</run_address>
         <size>0x5</size>
         <input_file_ref idref="fl-15"/>
      </object_component>
      <object_component id="oc-c5">
         <name>.text:_EMPTY_ISR</name>
         <load_address>0x8516</load_address>
         <run_address>0x8516</run_address>
         <size>0x5</size>
         <input_file_ref idref="fl-15"/>
      </object_component>
      <object_component id="oc-99">
         <name>.text:_EMUINT_ISR</name>
         <load_address>0x851b</load_address>
         <run_address>0x851b</run_address>
         <size>0x5</size>
         <input_file_ref idref="fl-15"/>
      </object_component>
      <object_component id="oc-b3">
         <name>.text:_EPWM1_INT_ISR</name>
         <load_address>0x8520</load_address>
         <run_address>0x8520</run_address>
         <size>0x5</size>
         <input_file_ref idref="fl-15"/>
      </object_component>
      <object_component id="oc-af">
         <name>.text:_EPWM1_TZINT_ISR</name>
         <load_address>0x8525</load_address>
         <run_address>0x8525</run_address>
         <size>0x5</size>
         <input_file_ref idref="fl-15"/>
      </object_component>
      <object_component id="oc-b4">
         <name>.text:_EPWM2_INT_ISR</name>
         <load_address>0x852a</load_address>
         <run_address>0x852a</run_address>
         <size>0x5</size>
         <input_file_ref idref="fl-15"/>
      </object_component>
      <object_component id="oc-b0">
         <name>.text:_EPWM2_TZINT_ISR</name>
         <load_address>0x852f</load_address>
         <run_address>0x852f</run_address>
         <size>0x5</size>
         <input_file_ref idref="fl-15"/>
      </object_component>
      <object_component id="oc-b5">
         <name>.text:_EPWM3_INT_ISR</name>
         <load_address>0x8534</load_address>
         <run_address>0x8534</run_address>
         <size>0x5</size>
         <input_file_ref idref="fl-15"/>
      </object_component>
      <object_component id="oc-b1">
         <name>.text:_EPWM3_TZINT_ISR</name>
         <load_address>0x8539</load_address>
         <run_address>0x8539</run_address>
         <size>0x5</size>
         <input_file_ref idref="fl-15"/>
      </object_component>
      <object_component id="oc-b6">
         <name>.text:_EPWM4_INT_ISR</name>
         <load_address>0x853e</load_address>
         <run_address>0x853e</run_address>
         <size>0x5</size>
         <input_file_ref idref="fl-15"/>
      </object_component>
      <object_component id="oc-b2">
         <name>.text:_EPWM4_TZINT_ISR</name>
         <load_address>0x8543</load_address>
         <run_address>0x8543</run_address>
         <size>0x5</size>
         <input_file_ref idref="fl-15"/>
      </object_component>
      <object_component id="oc-ba">
         <name>.text:_I2CINT1A_ISR</name>
         <load_address>0x8548</load_address>
         <run_address>0x8548</run_address>
         <size>0x5</size>
         <input_file_ref idref="fl-15"/>
      </object_component>
      <object_component id="oc-bb">
         <name>.text:_I2CINT2A_ISR</name>
         <load_address>0x854d</load_address>
         <run_address>0x854d</run_address>
         <size>0x5</size>
         <input_file_ref idref="fl-15"/>
      </object_component>
      <object_component id="oc-9b">
         <name>.text:_ILLEGAL_ISR</name>
         <load_address>0x8552</load_address>
         <run_address>0x8552</run_address>
         <size>0x5</size>
         <input_file_ref idref="fl-15"/>
      </object_component>
      <object_component id="oc-95">
         <name>.text:_INT13_ISR</name>
         <load_address>0x8557</load_address>
         <run_address>0x8557</run_address>
         <size>0x5</size>
         <input_file_ref idref="fl-15"/>
      </object_component>
      <object_component id="oc-96">
         <name>.text:_INT14_ISR</name>
         <load_address>0x855c</load_address>
         <run_address>0x855c</run_address>
         <size>0x5</size>
         <input_file_ref idref="fl-15"/>
      </object_component>
      <object_component id="oc-9a">
         <name>.text:_NMI_ISR</name>
         <load_address>0x8561</load_address>
         <run_address>0x8561</run_address>
         <size>0x5</size>
         <input_file_ref idref="fl-15"/>
      </object_component>
      <object_component id="oc-c6">
         <name>.text:_PIE_RESERVED</name>
         <load_address>0x8566</load_address>
         <run_address>0x8566</run_address>
         <size>0x5</size>
         <input_file_ref idref="fl-15"/>
      </object_component>
      <object_component id="oc-80">
         <name>.text:_PIE_illegalIsr</name>
         <load_address>0x856b</load_address>
         <run_address>0x856b</run_address>
         <size>0x5</size>
         <input_file_ref idref="fl-11"/>
      </object_component>
      <object_component id="oc-98">
         <name>.text:_RTOSINT_ISR</name>
         <load_address>0x8570</load_address>
         <run_address>0x8570</run_address>
         <size>0x5</size>
         <input_file_ref idref="fl-15"/>
      </object_component>
      <object_component id="oc-bc">
         <name>.text:_SCIRXINTA_ISR</name>
         <load_address>0x8575</load_address>
         <run_address>0x8575</run_address>
         <size>0x5</size>
         <input_file_ref idref="fl-15"/>
      </object_component>
      <object_component id="oc-bd">
         <name>.text:_SCITXINTA_ISR</name>
         <load_address>0x857a</load_address>
         <run_address>0x857a</run_address>
         <size>0x5</size>
         <input_file_ref idref="fl-15"/>
      </object_component>
      <object_component id="oc-b8">
         <name>.text:_SPIRXINTA_ISR</name>
         <load_address>0x857f</load_address>
         <run_address>0x857f</run_address>
         <size>0x5</size>
         <input_file_ref idref="fl-15"/>
      </object_component>
      <object_component id="oc-b9">
         <name>.text:_SPITXINTA_ISR</name>
         <load_address>0x8584</load_address>
         <run_address>0x8584</run_address>
         <size>0x5</size>
         <input_file_ref idref="fl-15"/>
      </object_component>
      <object_component id="oc-ad">
         <name>.text:_TINT0_ISR</name>
         <load_address>0x8589</load_address>
         <run_address>0x8589</run_address>
         <size>0x5</size>
         <input_file_ref idref="fl-15"/>
      </object_component>
      <object_component id="oc-a5">
         <name>.text:_USER10_ISR</name>
         <load_address>0x858e</load_address>
         <run_address>0x858e</run_address>
         <size>0x5</size>
         <input_file_ref idref="fl-15"/>
      </object_component>
      <object_component id="oc-a6">
         <name>.text:_USER11_ISR</name>
         <load_address>0x8593</load_address>
         <run_address>0x8593</run_address>
         <size>0x5</size>
         <input_file_ref idref="fl-15"/>
      </object_component>
      <object_component id="oc-a7">
         <name>.text:_USER12_ISR</name>
         <load_address>0x8598</load_address>
         <run_address>0x8598</run_address>
         <size>0x5</size>
         <input_file_ref idref="fl-15"/>
      </object_component>
      <object_component id="oc-9c">
         <name>.text:_USER1_ISR</name>
         <load_address>0x859d</load_address>
         <run_address>0x859d</run_address>
         <size>0x5</size>
         <input_file_ref idref="fl-15"/>
      </object_component>
      <object_component id="oc-9d">
         <name>.text:_USER2_ISR</name>
         <load_address>0x85a2</load_address>
         <run_address>0x85a2</run_address>
         <size>0x5</size>
         <input_file_ref idref="fl-15"/>
      </object_component>
      <object_component id="oc-9e">
         <name>.text:_USER3_ISR</name>
         <load_address>0x85a7</load_address>
         <run_address>0x85a7</run_address>
         <size>0x5</size>
         <input_file_ref idref="fl-15"/>
      </object_component>
      <object_component id="oc-9f">
         <name>.text:_USER4_ISR</name>
         <load_address>0x85ac</load_address>
         <run_address>0x85ac</run_address>
         <size>0x5</size>
         <input_file_ref idref="fl-15"/>
      </object_component>
      <object_component id="oc-a0">
         <name>.text:_USER5_ISR</name>
         <load_address>0x85b1</load_address>
         <run_address>0x85b1</run_address>
         <size>0x5</size>
         <input_file_ref idref="fl-15"/>
      </object_component>
      <object_component id="oc-a1">
         <name>.text:_USER6_ISR</name>
         <load_address>0x85b6</load_address>
         <run_address>0x85b6</run_address>
         <size>0x5</size>
         <input_file_ref idref="fl-15"/>
      </object_component>
      <object_component id="oc-a2">
         <name>.text:_USER7_ISR</name>
         <load_address>0x85bb</load_address>
         <run_address>0x85bb</run_address>
         <size>0x5</size>
         <input_file_ref idref="fl-15"/>
      </object_component>
      <object_component id="oc-a3">
         <name>.text:_USER8_ISR</name>
         <load_address>0x85c0</load_address>
         <run_address>0x85c0</run_address>
         <size>0x5</size>
         <input_file_ref idref="fl-15"/>
      </object_component>
      <object_component id="oc-a4">
         <name>.text:_USER9_ISR</name>
         <load_address>0x85c5</load_address>
         <run_address>0x85c5</run_address>
         <size>0x5</size>
         <input_file_ref idref="fl-15"/>
      </object_component>
      <object_component id="oc-ae">
         <name>.text:_WAKEINT_ISR</name>
         <load_address>0x85ca</load_address>
         <run_address>0x85ca</run_address>
         <size>0x5</size>
         <input_file_ref idref="fl-15"/>
      </object_component>
      <object_component id="oc-aa">
         <name>.text:_XINT1_ISR</name>
         <load_address>0x85cf</load_address>
         <run_address>0x85cf</run_address>
         <size>0x5</size>
         <input_file_ref idref="fl-15"/>
      </object_component>
      <object_component id="oc-ab">
         <name>.text:_XINT2_ISR</name>
         <load_address>0x85d4</load_address>
         <run_address>0x85d4</run_address>
         <size>0x5</size>
         <input_file_ref idref="fl-15"/>
      </object_component>
      <object_component id="oc-c4">
         <name>.text:_XINT3_ISR</name>
         <load_address>0x85d9</load_address>
         <run_address>0x85d9</run_address>
         <size>0x5</size>
         <input_file_ref idref="fl-15"/>
      </object_component>
      <object_component id="oc-c7">
         <name>.text:_rsvd_ISR</name>
         <load_address>0x85de</load_address>
         <run_address>0x85de</run_address>
         <size>0x5</size>
         <input_file_ref idref="fl-15"/>
      </object_component>
      <object_component id="oc-118">
         <name>.text:_CPU_enableInt</name>
         <load_address>0x85e3</load_address>
         <run_address>0x85e3</run_address>
         <size>0x4</size>
         <input_file_ref idref="fl-d"/>
      </object_component>
      <object_component id="oc-10f">
         <name>.text:_CPU_clearIntFlags</name>
         <load_address>0x85e7</load_address>
         <run_address>0x85e7</run_address>
         <size>0x3</size>
         <input_file_ref idref="fl-d"/>
      </object_component>
      <object_component id="oc-10e">
         <name>.text:_CPU_disableGlobalInts</name>
         <load_address>0x85ea</load_address>
         <run_address>0x85ea</run_address>
         <size>0x3</size>
         <input_file_ref idref="fl-d"/>
      </object_component>
      <object_component id="oc-11a">
         <name>.text:_CPU_enableDebugInt</name>
         <load_address>0x85ed</load_address>
         <run_address>0x85ed</run_address>
         <size>0x3</size>
         <input_file_ref idref="fl-d"/>
      </object_component>
      <object_component id="oc-119">
         <name>.text:_CPU_enableGlobalInts</name>
         <load_address>0x85f0</load_address>
         <run_address>0x85f0</run_address>
         <size>0x3</size>
         <input_file_ref idref="fl-d"/>
      </object_component>
      <object_component id="oc-10c">
         <name>.text:_PIE_disable</name>
         <load_address>0x85f3</load_address>
         <run_address>0x85f3</run_address>
         <size>0x3</size>
         <input_file_ref idref="fl-11"/>
      </object_component>
      <object_component id="oc-111">
         <name>.text:_PIE_enable</name>
         <load_address>0x85f6</load_address>
         <run_address>0x85f6</run_address>
         <size>0x3</size>
         <input_file_ref idref="fl-11"/>
      </object_component>
      <object_component id="oc-116">
         <name>.text:_PIE_enableTimer0Int</name>
         <load_address>0x85f9</load_address>
         <run_address>0x85f9</run_address>
         <size>0x3</size>
         <input_file_ref idref="fl-11"/>
      </object_component>
      <object_component id="oc-122">
         <name>.text:_PLL_getClkStatus</name>
         <load_address>0x85fc</load_address>
         <run_address>0x85fc</run_address>
         <size>0x3</size>
         <input_file_ref idref="fl-12"/>
      </object_component>
      <object_component id="oc-125">
         <name>.text:_PLL_getLockStatus</name>
         <load_address>0x85ff</load_address>
         <run_address>0x85ff</run_address>
         <size>0x3</size>
         <input_file_ref idref="fl-12"/>
      </object_component>
      <object_component id="oc-10a">
         <name>.text:_TIMER_enableInt</name>
         <load_address>0x8602</load_address>
         <run_address>0x8602</run_address>
         <size>0x3</size>
         <input_file_ref idref="fl-13"/>
      </object_component>
      <object_component id="oc-108">
         <name>.text:_TIMER_reload</name>
         <load_address>0x8605</load_address>
         <run_address>0x8605</run_address>
         <size>0x3</size>
         <input_file_ref idref="fl-13"/>
      </object_component>
      <object_component id="oc-10b">
         <name>.text:_TIMER_start</name>
         <load_address>0x8608</load_address>
         <run_address>0x8608</run_address>
         <size>0x3</size>
         <input_file_ref idref="fl-13"/>
      </object_component>
      <object_component id="oc-105">
         <name>.text:_TIMER_stop</name>
         <load_address>0x860b</load_address>
         <run_address>0x860b</run_address>
         <size>0x3</size>
         <input_file_ref idref="fl-13"/>
      </object_component>
      <object_component id="oc-106">
         <name>.text:_TIMER_setPeriod</name>
         <load_address>0x860e</load_address>
         <run_address>0x860e</run_address>
         <size>0x2</size>
         <input_file_ref idref="fl-13"/>
      </object_component>
      <object_component id="oc-35">
         <name>.cinit</name>
         <load_address>0x50</load_address>
         <run_address>0x50</run_address>
         <size>0x23</size>
         <input_file_ref idref="fl-2"/>
      </object_component>
      <object_component id="oc-d4">
         <name>.cinit</name>
         <load_address>0x73</load_address>
         <run_address>0x73</run_address>
         <size>0xa</size>
         <input_file_ref idref="fl-17"/>
      </object_component>
      <object_component id="oc-120">
         <name>.cinit:__lock</name>
         <load_address>0x7d</load_address>
         <run_address>0x7d</run_address>
         <size>0x5</size>
         <input_file_ref idref="fl-19"/>
      </object_component>
      <object_component id="oc-127">
         <name>.cinit:__unlock</name>
         <load_address>0x82</load_address>
         <run_address>0x82</run_address>
         <size>0x5</size>
         <input_file_ref idref="fl-19"/>
      </object_component>
      <object_component id="oc-ce">
         <name>.reset</name>
         <load_address>0x3fffc0</load_address>
         <run_address>0x3fffc0</run_address>
         <size>0x2</size>
         <input_file_ref idref="fl-16"/>
      </object_component>
      <object_component id="oc-cd">
         <name>.stack</name>
         <uninitialized>true</uninitialized>
         <run_address>0x400</run_address>
         <size>0x0</size>
         <input_file_ref idref="fl-16"/>
      </object_component>
      <object_component id="oc-162">
         <name>.stack</name>
         <uninitialized>true</uninitialized>
         <run_address>0x400</run_address>
         <size>0x0</size>
      </object_component>
      <object_component id="oc-36">
         <name>.ebss</name>
         <uninitialized>true</uninitialized>
         <run_address>0x740</run_address>
         <size>0x2e</size>
         <input_file_ref idref="fl-2"/>
      </object_component>
      <object_component id="oc-6b">
         <name>.ebss</name>
         <uninitialized>true</uninitialized>
         <run_address>0x774</run_address>
         <size>0x1</size>
         <input_file_ref idref="fl-d"/>
      </object_component>
      <object_component id="oc-d5">
         <name>.ebss</name>
         <uninitialized>true</uninitialized>
         <run_address>0x76e</run_address>
         <size>0x4</size>
         <input_file_ref idref="fl-17"/>
      </object_component>
      <object_component id="oc-128">
         <name>.ebss:__unlock</name>
         <uninitialized>true</uninitialized>
         <run_address>0x772</run_address>
         <size>0x2</size>
         <input_file_ref idref="fl-19"/>
      </object_component>
      <object_component id="oc-11f">
         <name>.ebss:__lock</name>
         <uninitialized>true</uninitialized>
         <run_address>0x73e</run_address>
         <size>0x2</size>
         <input_file_ref idref="fl-19"/>
      </object_component>
      <object_component id="oc-121">
         <name>.econst:_PIE_tableDebugInit</name>
         <load_address>0x600</load_address>
         <run_address>0x600</run_address>
         <size>0x100</size>
         <input_file_ref idref="fl-11"/>
      </object_component>
      <object_component id="oc-38">
         <name>.econst:.string</name>
         <load_address>0x700</load_address>
         <run_address>0x700</run_address>
         <size>0x3e</size>
         <input_file_ref idref="fl-2"/>
      </object_component>
      <object_component id="oc-34">
         <name>.debug_info</name>
         <load_address>0x0</load_address>
         <run_address>0x0</run_address>
         <size>0x7197</size>
         <input_file_ref idref="fl-2"/>
      </object_component>
      <object_component id="oc-3d">
         <name>.debug_info</name>
         <load_address>0x7197</load_address>
         <run_address>0x7197</run_address>
         <size>0xb0d8</size>
         <input_file_ref idref="fl-a"/>
      </object_component>
      <object_component id="oc-60">
         <name>.debug_info</name>
         <load_address>0x1226f</load_address>
         <run_address>0x1226f</run_address>
         <size>0x22d5</size>
         <input_file_ref idref="fl-b"/>
      </object_component>
      <object_component id="oc-65">
         <name>.debug_info</name>
         <load_address>0x14544</load_address>
         <run_address>0x14544</run_address>
         <size>0xd0d</size>
         <input_file_ref idref="fl-c"/>
      </object_component>
      <object_component id="oc-6a">
         <name>.debug_info</name>
         <load_address>0x15251</load_address>
         <run_address>0x15251</run_address>
         <size>0x96e</size>
         <input_file_ref idref="fl-d"/>
      </object_component>
      <object_component id="oc-71">
         <name>.debug_info</name>
         <load_address>0x15bbf</load_address>
         <run_address>0x15bbf</run_address>
         <size>0x1eb</size>
         <input_file_ref idref="fl-e"/>
      </object_component>
      <object_component id="oc-75">
         <name>.debug_info</name>
         <load_address>0x15daa</load_address>
         <run_address>0x15daa</run_address>
         <size>0xc8c</size>
         <input_file_ref idref="fl-f"/>
      </object_component>
      <object_component id="oc-7a">
         <name>.debug_info</name>
         <load_address>0x16a36</load_address>
         <run_address>0x16a36</run_address>
         <size>0x2227</size>
         <input_file_ref idref="fl-10"/>
      </object_component>
      <object_component id="oc-7f">
         <name>.debug_info</name>
         <load_address>0x18c5d</load_address>
         <run_address>0x18c5d</run_address>
         <size>0x31f7</size>
         <input_file_ref idref="fl-11"/>
      </object_component>
      <object_component id="oc-85">
         <name>.debug_info</name>
         <load_address>0x1be54</load_address>
         <run_address>0x1be54</run_address>
         <size>0xd6c</size>
         <input_file_ref idref="fl-12"/>
      </object_component>
      <object_component id="oc-8a">
         <name>.debug_info</name>
         <load_address>0x1cbc0</load_address>
         <run_address>0x1cbc0</run_address>
         <size>0xd58</size>
         <input_file_ref idref="fl-13"/>
      </object_component>
      <object_component id="oc-8f">
         <name>.debug_info</name>
         <load_address>0x1d918</load_address>
         <run_address>0x1d918</run_address>
         <size>0x7a9</size>
         <input_file_ref idref="fl-14"/>
      </object_component>
      <object_component id="oc-94">
         <name>.debug_info</name>
         <load_address>0x1e0c1</load_address>
         <run_address>0x1e0c1</run_address>
         <size>0x2d3e</size>
         <input_file_ref idref="fl-15"/>
      </object_component>
      <object_component id="oc-cf">
         <name>.debug_info</name>
         <load_address>0x20dff</load_address>
         <run_address>0x20dff</run_address>
         <size>0x112</size>
         <input_file_ref idref="fl-16"/>
      </object_component>
      <object_component id="oc-d3">
         <name>.debug_info</name>
         <load_address>0x20f11</load_address>
         <run_address>0x20f11</run_address>
         <size>0x407</size>
         <input_file_ref idref="fl-17"/>
      </object_component>
      <object_component id="oc-db">
         <name>.debug_info</name>
         <load_address>0x21318</load_address>
         <run_address>0x21318</run_address>
         <size>0x18b</size>
         <input_file_ref idref="fl-18"/>
      </object_component>
      <object_component id="oc-df">
         <name>.debug_info</name>
         <load_address>0x214a3</load_address>
         <run_address>0x214a3</run_address>
         <size>0x431</size>
         <input_file_ref idref="fl-19"/>
      </object_component>
      <object_component id="oc-e4">
         <name>.debug_info</name>
         <load_address>0x218d4</load_address>
         <run_address>0x218d4</run_address>
         <size>0x3fe</size>
         <input_file_ref idref="fl-1a"/>
      </object_component>
      <object_component id="oc-165">
         <name>.debug_info</name>
         <load_address>0x21cd2</load_address>
         <run_address>0x21cd2</run_address>
         <size>0xb6</size>
      </object_component>
      <object_component id="oc-39">
         <name>.debug_frame</name>
         <load_address>0x0</load_address>
         <run_address>0x0</run_address>
         <size>0x38b</size>
         <input_file_ref idref="fl-2"/>
      </object_component>
      <object_component id="oc-61">
         <name>.debug_frame</name>
         <load_address>0x38b</load_address>
         <run_address>0x38b</run_address>
         <size>0x11f</size>
         <input_file_ref idref="fl-b"/>
      </object_component>
      <object_component id="oc-66">
         <name>.debug_frame</name>
         <load_address>0x4aa</load_address>
         <run_address>0x4aa</run_address>
         <size>0xa1</size>
         <input_file_ref idref="fl-c"/>
      </object_component>
      <object_component id="oc-6c">
         <name>.debug_frame</name>
         <load_address>0x54b</load_address>
         <run_address>0x54b</run_address>
         <size>0xcb</size>
         <input_file_ref idref="fl-d"/>
      </object_component>
      <object_component id="oc-76">
         <name>.debug_frame</name>
         <load_address>0x616</load_address>
         <run_address>0x616</run_address>
         <size>0x77</size>
         <input_file_ref idref="fl-f"/>
      </object_component>
      <object_component id="oc-7b">
         <name>.debug_frame</name>
         <load_address>0x68d</load_address>
         <run_address>0x68d</run_address>
         <size>0x134</size>
         <input_file_ref idref="fl-10"/>
      </object_component>
      <object_component id="oc-81">
         <name>.debug_frame</name>
         <load_address>0x7c1</load_address>
         <run_address>0x7c1</run_address>
         <size>0x15e</size>
         <input_file_ref idref="fl-11"/>
      </object_component>
      <object_component id="oc-86">
         <name>.debug_frame</name>
         <load_address>0x91f</load_address>
         <run_address>0x91f</run_address>
         <size>0xe0</size>
         <input_file_ref idref="fl-12"/>
      </object_component>
      <object_component id="oc-8b">
         <name>.debug_frame</name>
         <load_address>0x9ff</load_address>
         <run_address>0x9ff</run_address>
         <size>0x10a</size>
         <input_file_ref idref="fl-13"/>
      </object_component>
      <object_component id="oc-90">
         <name>.debug_frame</name>
         <load_address>0xb09</load_address>
         <run_address>0xb09</run_address>
         <size>0x8c</size>
         <input_file_ref idref="fl-14"/>
      </object_component>
      <object_component id="oc-c8">
         <name>.debug_frame</name>
         <load_address>0xb95</load_address>
         <run_address>0xb95</run_address>
         <size>0x491</size>
         <input_file_ref idref="fl-15"/>
      </object_component>
      <object_component id="oc-d6">
         <name>.debug_frame</name>
         <load_address>0x1026</load_address>
         <run_address>0x1026</run_address>
         <size>0x95</size>
         <input_file_ref idref="fl-17"/>
      </object_component>
      <object_component id="oc-e0">
         <name>.debug_frame</name>
         <load_address>0x10bb</load_address>
         <run_address>0x10bb</run_address>
         <size>0xa1</size>
         <input_file_ref idref="fl-19"/>
      </object_component>
      <object_component id="oc-e5">
         <name>.debug_frame</name>
         <load_address>0x115c</load_address>
         <run_address>0x115c</run_address>
         <size>0x77</size>
         <input_file_ref idref="fl-1a"/>
      </object_component>
      <object_component id="oc-3a">
         <name>.debug_line</name>
         <load_address>0x0</load_address>
         <run_address>0x0</run_address>
         <size>0x52b</size>
         <input_file_ref idref="fl-2"/>
      </object_component>
      <object_component id="oc-62">
         <name>.debug_line</name>
         <load_address>0x52b</load_address>
         <run_address>0x52b</run_address>
         <size>0x175</size>
         <input_file_ref idref="fl-b"/>
      </object_component>
      <object_component id="oc-67">
         <name>.debug_line</name>
         <load_address>0x6a0</load_address>
         <run_address>0x6a0</run_address>
         <size>0xbf</size>
         <input_file_ref idref="fl-c"/>
      </object_component>
      <object_component id="oc-6d">
         <name>.debug_line</name>
         <load_address>0x75f</load_address>
         <run_address>0x75f</run_address>
         <size>0xdf</size>
         <input_file_ref idref="fl-d"/>
      </object_component>
      <object_component id="oc-72">
         <name>.debug_line</name>
         <load_address>0x83e</load_address>
         <run_address>0x83e</run_address>
         <size>0x9d</size>
         <input_file_ref idref="fl-e"/>
      </object_component>
      <object_component id="oc-77">
         <name>.debug_line</name>
         <load_address>0x8db</load_address>
         <run_address>0x8db</run_address>
         <size>0x84</size>
         <input_file_ref idref="fl-f"/>
      </object_component>
      <object_component id="oc-7c">
         <name>.debug_line</name>
         <load_address>0x95f</load_address>
         <run_address>0x95f</run_address>
         <size>0x21d</size>
         <input_file_ref idref="fl-10"/>
      </object_component>
      <object_component id="oc-82">
         <name>.debug_line</name>
         <load_address>0xb7c</load_address>
         <run_address>0xb7c</run_address>
         <size>0x1d9</size>
         <input_file_ref idref="fl-11"/>
      </object_component>
      <object_component id="oc-87">
         <name>.debug_line</name>
         <load_address>0xd55</load_address>
         <run_address>0xd55</run_address>
         <size>0x123</size>
         <input_file_ref idref="fl-12"/>
      </object_component>
      <object_component id="oc-8c">
         <name>.debug_line</name>
         <load_address>0xe78</load_address>
         <run_address>0xe78</run_address>
         <size>0x148</size>
         <input_file_ref idref="fl-13"/>
      </object_component>
      <object_component id="oc-91">
         <name>.debug_line</name>
         <load_address>0xfc0</load_address>
         <run_address>0xfc0</run_address>
         <size>0xa3</size>
         <input_file_ref idref="fl-14"/>
      </object_component>
      <object_component id="oc-c9">
         <name>.debug_line</name>
         <load_address>0x1063</load_address>
         <run_address>0x1063</run_address>
         <size>0x4fb</size>
         <input_file_ref idref="fl-15"/>
      </object_component>
      <object_component id="oc-d0">
         <name>.debug_line</name>
         <load_address>0x155e</load_address>
         <run_address>0x155e</run_address>
         <size>0x73</size>
         <input_file_ref idref="fl-16"/>
      </object_component>
      <object_component id="oc-d7">
         <name>.debug_line</name>
         <load_address>0x15d1</load_address>
         <run_address>0x15d1</run_address>
         <size>0x5d</size>
         <input_file_ref idref="fl-17"/>
      </object_component>
      <object_component id="oc-dc">
         <name>.debug_line</name>
         <load_address>0x162e</load_address>
         <run_address>0x162e</run_address>
         <size>0x8e</size>
         <input_file_ref idref="fl-18"/>
      </object_component>
      <object_component id="oc-e1">
         <name>.debug_line</name>
         <load_address>0x16bc</load_address>
         <run_address>0x16bc</run_address>
         <size>0x5e</size>
         <input_file_ref idref="fl-19"/>
      </object_component>
      <object_component id="oc-e6">
         <name>.debug_line</name>
         <load_address>0x171a</load_address>
         <run_address>0x171a</run_address>
         <size>0x59</size>
         <input_file_ref idref="fl-1a"/>
      </object_component>
      <object_component id="oc-3b">
         <name>.debug_abbrev</name>
         <load_address>0x0</load_address>
         <run_address>0x0</run_address>
         <size>0x245</size>
         <input_file_ref idref="fl-2"/>
      </object_component>
      <object_component id="oc-5f">
         <name>.debug_abbrev</name>
         <load_address>0x245</load_address>
         <run_address>0x245</run_address>
         <size>0xb7</size>
         <input_file_ref idref="fl-a"/>
      </object_component>
      <object_component id="oc-63">
         <name>.debug_abbrev</name>
         <load_address>0x2fc</load_address>
         <run_address>0x2fc</run_address>
         <size>0x191</size>
         <input_file_ref idref="fl-b"/>
      </object_component>
      <object_component id="oc-68">
         <name>.debug_abbrev</name>
         <load_address>0x48d</load_address>
         <run_address>0x48d</run_address>
         <size>0x174</size>
         <input_file_ref idref="fl-c"/>
      </object_component>
      <object_component id="oc-6e">
         <name>.debug_abbrev</name>
         <load_address>0x601</load_address>
         <run_address>0x601</run_address>
         <size>0x11b</size>
         <input_file_ref idref="fl-d"/>
      </object_component>
      <object_component id="oc-73">
         <name>.debug_abbrev</name>
         <load_address>0x71c</load_address>
         <run_address>0x71c</run_address>
         <size>0x21</size>
         <input_file_ref idref="fl-e"/>
      </object_component>
      <object_component id="oc-78">
         <name>.debug_abbrev</name>
         <load_address>0x73d</load_address>
         <run_address>0x73d</run_address>
         <size>0x16e</size>
         <input_file_ref idref="fl-f"/>
      </object_component>
      <object_component id="oc-7d">
         <name>.debug_abbrev</name>
         <load_address>0x8ab</load_address>
         <run_address>0x8ab</run_address>
         <size>0x16b</size>
         <input_file_ref idref="fl-10"/>
      </object_component>
      <object_component id="oc-83">
         <name>.debug_abbrev</name>
         <load_address>0xa16</load_address>
         <run_address>0xa16</run_address>
         <size>0x1d9</size>
         <input_file_ref idref="fl-11"/>
      </object_component>
      <object_component id="oc-88">
         <name>.debug_abbrev</name>
         <load_address>0xbef</load_address>
         <run_address>0xbef</run_address>
         <size>0x182</size>
         <input_file_ref idref="fl-12"/>
      </object_component>
      <object_component id="oc-8d">
         <name>.debug_abbrev</name>
         <load_address>0xd71</load_address>
         <run_address>0xd71</run_address>
         <size>0x11b</size>
         <input_file_ref idref="fl-13"/>
      </object_component>
      <object_component id="oc-92">
         <name>.debug_abbrev</name>
         <load_address>0xe8c</load_address>
         <run_address>0xe8c</run_address>
         <size>0x11d</size>
         <input_file_ref idref="fl-14"/>
      </object_component>
      <object_component id="oc-ca">
         <name>.debug_abbrev</name>
         <load_address>0xfa9</load_address>
         <run_address>0xfa9</run_address>
         <size>0xb6</size>
         <input_file_ref idref="fl-15"/>
      </object_component>
      <object_component id="oc-d1">
         <name>.debug_abbrev</name>
         <load_address>0x105f</load_address>
         <run_address>0x105f</run_address>
         <size>0x45</size>
         <input_file_ref idref="fl-16"/>
      </object_component>
      <object_component id="oc-d8">
         <name>.debug_abbrev</name>
         <load_address>0x10a4</load_address>
         <run_address>0x10a4</run_address>
         <size>0x117</size>
         <input_file_ref idref="fl-17"/>
      </object_component>
      <object_component id="oc-dd">
         <name>.debug_abbrev</name>
         <load_address>0x11bb</load_address>
         <run_address>0x11bb</run_address>
         <size>0x37</size>
         <input_file_ref idref="fl-18"/>
      </object_component>
      <object_component id="oc-e2">
         <name>.debug_abbrev</name>
         <load_address>0x11f2</load_address>
         <run_address>0x11f2</run_address>
         <size>0xb2</size>
         <input_file_ref idref="fl-19"/>
      </object_component>
      <object_component id="oc-e7">
         <name>.debug_abbrev</name>
         <load_address>0x12a4</load_address>
         <run_address>0x12a4</run_address>
         <size>0xfe</size>
         <input_file_ref idref="fl-1a"/>
      </object_component>
      <object_component id="oc-166">
         <name>.debug_abbrev</name>
         <load_address>0x13a2</load_address>
         <run_address>0x13a2</run_address>
         <size>0xf</size>
      </object_component>
      <object_component id="oc-3c">
         <name>.debug_aranges</name>
         <load_address>0x0</load_address>
         <run_address>0x0</run_address>
         <size>0xe0</size>
         <input_file_ref idref="fl-2"/>
      </object_component>
      <object_component id="oc-64">
         <name>.debug_aranges</name>
         <load_address>0xe0</load_address>
         <run_address>0xe0</run_address>
         <size>0x60</size>
         <input_file_ref idref="fl-b"/>
      </object_component>
      <object_component id="oc-69">
         <name>.debug_aranges</name>
         <load_address>0x140</load_address>
         <run_address>0x140</run_address>
         <size>0x30</size>
         <input_file_ref idref="fl-c"/>
      </object_component>
      <object_component id="oc-6f">
         <name>.debug_aranges</name>
         <load_address>0x170</load_address>
         <run_address>0x170</run_address>
         <size>0x40</size>
         <input_file_ref idref="fl-d"/>
      </object_component>
      <object_component id="oc-74">
         <name>.debug_aranges</name>
         <load_address>0x1b0</load_address>
         <run_address>0x1b0</run_address>
         <size>0x28</size>
         <input_file_ref idref="fl-e"/>
      </object_component>
      <object_component id="oc-79">
         <name>.debug_aranges</name>
         <load_address>0x1d8</load_address>
         <run_address>0x1d8</run_address>
         <size>0x20</size>
         <input_file_ref idref="fl-f"/>
      </object_component>
      <object_component id="oc-7e">
         <name>.debug_aranges</name>
         <load_address>0x1f8</load_address>
         <run_address>0x1f8</run_address>
         <size>0x68</size>
         <input_file_ref idref="fl-10"/>
      </object_component>
      <object_component id="oc-84">
         <name>.debug_aranges</name>
         <load_address>0x260</load_address>
         <run_address>0x260</run_address>
         <size>0x78</size>
         <input_file_ref idref="fl-11"/>
      </object_component>
      <object_component id="oc-89">
         <name>.debug_aranges</name>
         <load_address>0x2d8</load_address>
         <run_address>0x2d8</run_address>
         <size>0x48</size>
         <input_file_ref idref="fl-12"/>
      </object_component>
      <object_component id="oc-8e">
         <name>.debug_aranges</name>
         <load_address>0x320</load_address>
         <run_address>0x320</run_address>
         <size>0x58</size>
         <input_file_ref idref="fl-13"/>
      </object_component>
      <object_component id="oc-93">
         <name>.debug_aranges</name>
         <load_address>0x378</load_address>
         <run_address>0x378</run_address>
         <size>0x28</size>
         <input_file_ref idref="fl-14"/>
      </object_component>
      <object_component id="oc-cb">
         <name>.debug_aranges</name>
         <load_address>0x3a0</load_address>
         <run_address>0x3a0</run_address>
         <size>0x1b0</size>
         <input_file_ref idref="fl-15"/>
      </object_component>
      <object_component id="oc-d2">
         <name>.debug_aranges</name>
         <load_address>0x550</load_address>
         <run_address>0x550</run_address>
         <size>0x20</size>
         <input_file_ref idref="fl-16"/>
      </object_component>
      <object_component id="oc-d9">
         <name>.debug_aranges</name>
         <load_address>0x570</load_address>
         <run_address>0x570</run_address>
         <size>0x28</size>
         <input_file_ref idref="fl-17"/>
      </object_component>
      <object_component id="oc-de">
         <name>.debug_aranges</name>
         <load_address>0x598</load_address>
         <run_address>0x598</run_address>
         <size>0x38</size>
         <input_file_ref idref="fl-18"/>
      </object_component>
      <object_component id="oc-e3">
         <name>.debug_aranges</name>
         <load_address>0x5d0</load_address>
         <run_address>0x5d0</run_address>
         <size>0x30</size>
         <input_file_ref idref="fl-19"/>
      </object_component>
      <object_component id="oc-e8">
         <name>.debug_aranges</name>
         <load_address>0x600</load_address>
         <run_address>0x600</run_address>
         <size>0x20</size>
         <input_file_ref idref="fl-1a"/>
      </object_component>
   </object_component_list>
   <logical_group_list>
      <logical_group id="lg-3" display="no" color="cyan">
         <name>PieVectTableFile</name>
         <run_address>0xd00</run_address>
         <size>0x100</size>
         <contents>
            <object_component_ref idref="oc-5e"/>
         </contents>
      </logical_group>
      <logical_group id="lg-5" display="no" color="cyan">
         <name>EmuKeyVar</name>
         <run_address>0xd00</run_address>
         <size>0x1</size>
         <contents>
            <object_component_ref idref="oc-3e"/>
         </contents>
      </logical_group>
      <logical_group id="lg-6" display="no" color="cyan">
         <name>EmuBModeVar</name>
         <run_address>0xd01</run_address>
         <size>0x1</size>
         <contents>
            <object_component_ref idref="oc-40"/>
         </contents>
      </logical_group>
      <logical_group id="lg-7" display="no" color="cyan">
         <name>FlashCallbackVar</name>
         <run_address>0xd02</run_address>
         <size>0x2</size>
         <contents>
            <object_component_ref idref="oc-42"/>
         </contents>
      </logical_group>
      <logical_group id="lg-8" display="no" color="cyan">
         <name>FlashScalingVar</name>
         <run_address>0xd04</run_address>
         <size>0x2</size>
         <contents>
            <object_component_ref idref="oc-41"/>
         </contents>
      </logical_group>
      <logical_group id="lg-4" display="no" color="cyan">
         <name>GROUP_2</name>
         <run_address>0xd00</run_address>
         <size>0x6</size>
         <contents>
            <logical_group_ref idref="lg-5"/>
            <logical_group_ref idref="lg-6"/>
            <logical_group_ref idref="lg-7"/>
            <logical_group_ref idref="lg-8"/>
         </contents>
      </logical_group>
      <overlay id="lg-2" display="no" color="cyan">
         <name>UNION_1</name>
         <run_address>0xd00</run_address>
         <size>0x100</size>
         <contents>
            <logical_group_ref idref="lg-3"/>
            <logical_group_ref idref="lg-4"/>
         </contents>
      </overlay>
      <logical_group id="lg-9" display="no" color="cyan">
         <name>DevEmuRegsFile</name>
         <run_address>0x880</run_address>
         <size>0x4</size>
         <contents>
            <object_component_ref idref="oc-44"/>
         </contents>
      </logical_group>
      <logical_group id="lg-a" display="no" color="cyan">
         <name>SysPwrCtrlRegsFile</name>
         <run_address>0x985</run_address>
         <size>0x3</size>
         <contents>
            <object_component_ref idref="oc-43"/>
         </contents>
      </logical_group>
      <logical_group id="lg-b" display="no" color="cyan">
         <name>FlashRegsFile</name>
         <run_address>0xa80</run_address>
         <size>0x8</size>
         <contents>
            <object_component_ref idref="oc-45"/>
         </contents>
      </logical_group>
      <logical_group id="lg-c" display="no" color="cyan">
         <name>CsmRegsFile</name>
         <run_address>0xae0</run_address>
         <size>0x10</size>
         <contents>
            <object_component_ref idref="oc-4e"/>
         </contents>
      </logical_group>
      <logical_group id="lg-d" display="no" color="cyan">
         <name>AdcResultFile</name>
         <run_address>0xb00</run_address>
         <size>0x20</size>
         <contents>
            <object_component_ref idref="oc-56"/>
         </contents>
      </logical_group>
      <logical_group id="lg-e" display="no" color="cyan">
         <name>CpuTimer0RegsFile</name>
         <run_address>0xc00</run_address>
         <size>0x8</size>
         <contents>
            <object_component_ref idref="oc-46"/>
         </contents>
      </logical_group>
      <logical_group id="lg-f" display="no" color="cyan">
         <name>CpuTimer1RegsFile</name>
         <run_address>0xc08</run_address>
         <size>0x8</size>
         <contents>
            <object_component_ref idref="oc-47"/>
         </contents>
      </logical_group>
      <logical_group id="lg-10" display="no" color="cyan">
         <name>CpuTimer2RegsFile</name>
         <run_address>0xc10</run_address>
         <size>0x8</size>
         <contents>
            <object_component_ref idref="oc-48"/>
         </contents>
      </logical_group>
      <logical_group id="lg-11" display="no" color="cyan">
         <name>PieCtrlRegsFile</name>
         <run_address>0xce0</run_address>
         <size>0x1a</size>
         <contents>
            <object_component_ref idref="oc-52"/>
         </contents>
      </logical_group>
      <logical_group id="lg-12" display="no" color="cyan">
         <name>ECap1RegsFile</name>
         <run_address>0x6a00</run_address>
         <size>0x20</size>
         <contents>
            <object_component_ref idref="oc-55"/>
         </contents>
      </logical_group>
      <logical_group id="lg-13" display="no" color="cyan">
         <name>GpioCtrlRegsFile</name>
         <run_address>0x6f80</run_address>
         <size>0x40</size>
         <contents>
            <object_component_ref idref="oc-5c"/>
         </contents>
      </logical_group>
      <logical_group id="lg-14" display="no" color="cyan">
         <name>GpioDataRegsFile</name>
         <run_address>0x6fc0</run_address>
         <size>0x20</size>
         <contents>
            <object_component_ref idref="oc-54"/>
         </contents>
      </logical_group>
      <logical_group id="lg-15" display="no" color="cyan">
         <name>GpioIntRegsFile</name>
         <run_address>0x6fe0</run_address>
         <size>0xa</size>
         <contents>
            <object_component_ref idref="oc-4a"/>
         </contents>
      </logical_group>
      <logical_group id="lg-16" display="no" color="cyan">
         <name>SysCtrlRegsFile</name>
         <run_address>0x7010</run_address>
         <size>0x1f</size>
         <contents>
            <object_component_ref idref="oc-53"/>
         </contents>
      </logical_group>
      <logical_group id="lg-17" display="no" color="cyan">
         <name>SpiaRegsFile</name>
         <run_address>0x7040</run_address>
         <size>0x10</size>
         <contents>
            <object_component_ref idref="oc-4b"/>
         </contents>
      </logical_group>
      <logical_group id="lg-18" display="no" color="cyan">
         <name>SciaRegsFile</name>
         <run_address>0x7050</run_address>
         <size>0x10</size>
         <contents>
            <object_component_ref idref="oc-4c"/>
         </contents>
      </logical_group>
      <logical_group id="lg-19" display="no" color="cyan">
         <name>NmiIntruptRegsFile</name>
         <run_address>0x7060</run_address>
         <size>0x10</size>
         <contents>
            <object_component_ref idref="oc-4d"/>
         </contents>
      </logical_group>
      <logical_group id="lg-1a" display="no" color="cyan">
         <name>XIntruptRegsFile</name>
         <run_address>0x7070</run_address>
         <size>0x10</size>
         <contents>
            <object_component_ref idref="oc-4f"/>
         </contents>
      </logical_group>
      <logical_group id="lg-1b" display="no" color="cyan">
         <name>AdcRegsFile</name>
         <run_address>0x7100</run_address>
         <size>0x51</size>
         <contents>
            <object_component_ref idref="oc-5d"/>
         </contents>
      </logical_group>
      <logical_group id="lg-1c" display="no" color="cyan">
         <name>I2caRegsFile</name>
         <run_address>0x7900</run_address>
         <size>0x22</size>
         <contents>
            <object_component_ref idref="oc-57"/>
         </contents>
      </logical_group>
      <logical_group id="lg-1d" display="no" color="cyan">
         <name>Comp1RegsFile</name>
         <run_address>0x6400</run_address>
         <size>0x11</size>
         <contents>
            <object_component_ref idref="oc-51"/>
         </contents>
      </logical_group>
      <logical_group id="lg-1e" display="no" color="cyan">
         <name>Comp2RegsFile</name>
         <run_address>0x6420</run_address>
         <size>0x11</size>
         <contents>
            <object_component_ref idref="oc-50"/>
         </contents>
      </logical_group>
      <logical_group id="lg-1f" display="no" color="cyan">
         <name>EPwm1RegsFile</name>
         <run_address>0x6800</run_address>
         <size>0x40</size>
         <contents>
            <object_component_ref idref="oc-5b"/>
         </contents>
      </logical_group>
      <logical_group id="lg-20" display="no" color="cyan">
         <name>EPwm2RegsFile</name>
         <run_address>0x6840</run_address>
         <size>0x40</size>
         <contents>
            <object_component_ref idref="oc-59"/>
         </contents>
      </logical_group>
      <logical_group id="lg-21" display="no" color="cyan">
         <name>EPwm3RegsFile</name>
         <run_address>0x6880</run_address>
         <size>0x40</size>
         <contents>
            <object_component_ref idref="oc-58"/>
         </contents>
      </logical_group>
      <logical_group id="lg-22" display="no" color="cyan">
         <name>EPwm4RegsFile</name>
         <run_address>0x68c0</run_address>
         <size>0x40</size>
         <contents>
            <object_component_ref idref="oc-5a"/>
         </contents>
      </logical_group>
      <logical_group id="lg-23" display="no" color="cyan">
         <name>CsmPwlFile</name>
         <run_address>0x3f7ff8</run_address>
         <size>0x8</size>
         <contents>
            <object_component_ref idref="oc-49"/>
         </contents>
      </logical_group>
      <logical_group id="lg-24" display="no" color="cyan">
         <name>PartIdRegsFile</name>
         <run_address>0x3d7fff</run_address>
[...]
      <symbol id="sm-162">
         <name>_ADC_setSocSampleWindow</name>
         <value>0x2e5</value>
         <object_component_ref idref="oc-100"/>
      </symbol>
      <symbol id="sm-163">
         <name>_ADC_setSocChanNumber</name>
         <value>0x2d3</value>
         <object_component_ref idref="oc-ff"/>
      </symbol>
      <symbol id="sm-164">
         <name>_ADC_powerUp</name>
         <value>0x3a1</value>
         <object_component_ref idref="oc-fb"/>
      </symbol>
      <symbol id="sm-165">
         <name>_ADC_init</name>
         <value>0x397</value>
         <object_component_ref idref="oc-f1"/>
      </symbol>
      <symbol id="sm-166">
         <name>_ADC_enable</name>
         <value>0x36f</value>
         <object_component_ref idref="oc-fc"/>
      </symbol>
      <symbol id="sm-179">
         <name>_CLK_enableAdcClock</name>
         <value>0x84be</value>
         <object_component_ref idref="oc-11c"/>
      </symbol>
      <symbol id="sm-17a">
         <name>_CLK_setOscSrc</name>
         <value>0x84c5</value>
         <object_component_ref idref="oc-11d"/>
      </symbol>
      <symbol id="sm-17b">
         <name>_CLK_init</name>
         <value>0x3c8</value>
         <object_component_ref idref="oc-f2"/>
      </symbol>
      <symbol id="sm-192">
         <name>_CPU_disableGlobalInts</name>
         <value>0x85ea</value>
         <object_component_ref idref="oc-10e"/>
      </symbol>
      <symbol id="sm-193">
         <name>_CPU_enableGlobalInts</name>
         <value>0x85f0</value>
         <object_component_ref idref="oc-119"/>
      </symbol>
      <symbol id="sm-194">
         <name>_CPU_clearIntFlags</name>
         <value>0x85e7</value>
         <object_component_ref idref="oc-10f"/>
      </symbol>
      <symbol id="sm-195">
         <name>_cpu</name>
         <value>0x774</value>
         <object_component_ref idref="oc-6b"/>
      </symbol>
      <symbol id="sm-196">
         <name>_CPU_enableDebugInt</name>
         <value>0x85ed</value>
         <object_component_ref idref="oc-11a"/>
      </symbol>
      <symbol id="sm-197">
         <name>_CPU_enableInt</name>
         <value>0x85e3</value>
         <object_component_ref idref="oc-118"/>
      </symbol>
      <symbol id="sm-1a7">
         <name>code_start</name>
         <value>0x0</value>
         <object_component_ref idref="oc-33"/>
      </symbol>
      <symbol id="sm-1b6">
         <name>_FLASH_init</name>
         <value>0x3d0</value>
         <object_component_ref idref="oc-f3"/>
      </symbol>
      <symbol id="sm-1e9">
         <name>_GPIO_setExtInt</name>
         <value>0x359</value>
         <object_component_ref idref="oc-104"/>
      </symbol>
      <symbol id="sm-1ea">
         <name>_GPIO_setLow</name>
         <value>0x298</value>
         <object_component_ref idref="oc-ee"/>
      </symbol>
      <symbol id="sm-1eb">
         <name>_GPIO_getData</name>
         <value>0x308</value>
         <object_component_ref idref="oc-f0"/>
      </symbol>
      <symbol id="sm-1ec">
         <name>_GPIO_toggle</name>
         <value>0x2ac</value>
         <object_component_ref idref="oc-e9"/>
      </symbol>
      <symbol id="sm-1ed">
         <name>_GPIO_setQualification</name>
         <value>0x1f9</value>
         <object_component_ref idref="oc-103"/>
      </symbol>
      <symbol id="sm-1ee">
         <name>_GPIO_setMode</name>
         <value>0xf1</value>
         <object_component_ref idref="oc-102"/>
      </symbol>
      <symbol id="sm-1ef">
         <name>_GPIO_init</name>
         <value>0x3d8</value>
         <object_component_ref idref="oc-f4"/>
      </symbol>
      <symbol id="sm-1f0">
         <name>_GPIO_setPullUp</name>
         <value>0x1d0</value>
         <object_component_ref idref="oc-101"/>
      </symbol>
      <symbol id="sm-1f1">
         <name>_GPIO_setDirection</name>
         <value>0x1a7</value>
         <object_component_ref idref="oc-ef"/>
      </symbol>
      <symbol id="sm-1f2">
         <name>_GPIO_setHigh</name>
         <value>0x284</value>
         <object_component_ref idref="oc-ed"/>
      </symbol>
      <symbol id="sm-220">
         <name>_PIE_enable</name>
         <value>0x85f6</value>
         <object_component_ref idref="oc-111"/>
      </symbol>
      <symbol id="sm-221">
         <name>_PIE_registerSystemIntHandler</name>
         <value>0x364</value>
         <object_component_ref idref="oc-112"/>
      </symbol>
      <symbol id="sm-222">
         <name>_PIE_setExtIntPolarity</name>
         <value>0x34a</value>
         <object_component_ref idref="oc-115"/>
      </symbol>
      <symbol id="sm-223">
         <name>_PIE_disableAllInts</name>
         <value>0x319</value>
         <object_component_ref idref="oc-10d"/>
      </symbol>
      <symbol id="sm-224">
         <name>_PIE_disable</name>
         <value>0x85f3</value>
         <object_component_ref idref="oc-10c"/>
      </symbol>
      <symbol id="sm-225">
         <name>_PIE_enableExtInt</name>
         <value>0x220</value>
         <object_component_ref idref="oc-117"/>
      </symbol>
      <symbol id="sm-226">
         <name>_PIE_illegalIsr</name>
         <value>0x856b</value>
         <object_component_ref idref="oc-80"/>
      </symbol>
      <symbol id="sm-227">
         <name>_PIE_enableTimer0Int</name>
         <value>0x85f9</value>
         <object_component_ref idref="oc-116"/>
      </symbol>
      <symbol id="sm-228">
         <name>_PIE_registerPieIntHandler</name>
         <value>0x33b</value>
         <object_component_ref idref="oc-113"/>
      </symbol>
      <symbol id="sm-229">
         <name>_PIE_init</name>
         <value>0x3b5</value>
         <object_component_ref idref="oc-f5"/>
      </symbol>
      <symbol id="sm-22a">
         <name>_PIE_setDebugIntVectorTable</name>
         <value>0x32a</value>
         <object_component_ref idref="oc-110"/>
      </symbol>
      <symbol id="sm-22b">
         <name>_PIE_enableInt</name>
         <value>0x3ab</value>
         <object_component_ref idref="oc-114"/>
      </symbol>
      <symbol id="sm-22c">
         <name>_PIE_tableDebugInit</name>
         <value>0x600</value>
         <object_component_ref idref="oc-121"/>
      </symbol>
      <symbol id="sm-247">
         <name>_PLL_getClkStatus</name>
         <value>0x85fc</value>
         <object_component_ref idref="oc-122"/>
      </symbol>
      <symbol id="sm-248">
         <name>_PLL_setDivider</name>
         <value>0x84cc</value>
         <object_component_ref idref="oc-123"/>
      </symbol>
      <symbol id="sm-249">
         <name>_PLL_init</name>
         <value>0x3e0</value>
         <object_component_ref idref="oc-f6"/>
      </symbol>
      <symbol id="sm-24a">
         <name>_PLL_getLockStatus</name>
         <value>0x85ff</value>
         <object_component_ref idref="oc-125"/>
      </symbol>
      <symbol id="sm-24b">
         <name>_PLL_setup</name>
         <value>0x26f</value>
         <object_component_ref idref="oc-11e"/>
      </symbol>
      <symbol id="sm-24c">
         <name>_PLL_setMultiplier</name>
         <value>0x84d3</value>
         <object_component_ref idref="oc-124"/>
      </symbol>
      <symbol id="sm-269">
         <name>_TIMER_setEmulationMode</name>
         <value>0x84d9</value>
         <object_component_ref idref="oc-109"/>
      </symbol>
      <symbol id="sm-26a">
         <name>_TIMER_start</name>
         <value>0x8608</value>
         <object_component_ref idref="oc-10b"/>
      </symbol>
      <symbol id="sm-26b">
         <name>_TIMER_setPreScaler</name>
         <value>0x2c0</value>
         <object_component_ref idref="oc-107"/>
      </symbol>
      <symbol id="sm-26c">
         <name>_TIMER_setPeriod</name>
         <value>0x860e</value>
         <object_component_ref idref="oc-106"/>
      </symbol>
      <symbol id="sm-26d">
         <name>_TIMER_init</name>
         <value>0x3e8</value>
         <object_component_ref idref="oc-f7"/>
      </symbol>
      <symbol id="sm-26e">
         <name>_TIMER_reload</name>
         <value>0x8605</value>
         <object_component_ref idref="oc-108"/>
      </symbol>
      <symbol id="sm-26f">
         <name>_TIMER_enableInt</name>
         <value>0x8602</value>
         <object_component_ref idref="oc-10a"/>
      </symbol>
      <symbol id="sm-270">
         <name>_TIMER_stop</name>
         <value>0x860b</value>
         <object_component_ref idref="oc-105"/>
      </symbol>
      <symbol id="sm-281">
         <name>_WDOG_init</name>
         <value>0x3f8</value>
         <object_component_ref idref="oc-f8"/>
      </symbol>
      <symbol id="sm-282">
         <name>_WDOG_disable</name>
         <value>0x3f0</value>
         <object_component_ref idref="oc-11b"/>
      </symbol>
      <symbol id="sm-325">
         <name>_ILLEGAL_ISR</name>
         <value>0x8552</value>
         <object_component_ref idref="oc-9b"/>
      </symbol>
      <symbol id="sm-326">
         <name>_ADCINT4_ISR</name>
         <value>0x84ee</value>
         <object_component_ref idref="oc-bf"/>
      </symbol>
      <symbol id="sm-327">
         <name>_DATALOG_ISR</name>
         <value>0x850c</value>
         <object_component_ref idref="oc-97"/>
      </symbol>
      <symbol id="sm-328">
         <name>_SPITXINTA_ISR</name>
         <value>0x8584</value>
         <object_component_ref idref="oc-b9"/>
      </symbol>
      <symbol id="sm-329">
         <name>_SPIRXINTA_ISR</name>
         <value>0x857f</value>
         <object_component_ref idref="oc-b8"/>
      </symbol>
      <symbol id="sm-32a">
         <name>_INT13_ISR</name>
         <value>0x8557</value>
         <object_component_ref idref="oc-95"/>
      </symbol>
      <symbol id="sm-32b">
         <name>_ADCINT5_ISR</name>
         <value>0x84f3</value>
         <object_component_ref idref="oc-c0"/>
      </symbol>
      <symbol id="sm-32c">
         <name>_EPWM4_INT_ISR</name>
         <value>0x853e</value>
         <object_component_ref idref="oc-b6"/>
      </symbol>
      <symbol id="sm-32d">
         <name>_USER5_ISR</name>
         <value>0x85b1</value>
         <object_component_ref idref="oc-a0"/>
      </symbol>
      <symbol id="sm-32e">
         <name>_EMPTY_ISR</name>
         <value>0x8516</value>
         <object_component_ref idref="oc-c5"/>
      </symbol>
      <symbol id="sm-32f">
         <name>_EPWM4_TZINT_ISR</name>
         <value>0x8543</value>
         <object_component_ref idref="oc-b2"/>
      </symbol>
      <symbol id="sm-330">
         <name>_EMUINT_ISR</name>
         <value>0x851b</value>
         <object_component_ref idref="oc-99"/>
      </symbol>
      <symbol id="sm-331">
         <name>_ECAP1_INT_ISR</name>
         <value>0x8511</value>
         <object_component_ref idref="oc-b7"/>
      </symbol>
      <symbol id="sm-332">
         <name>_EPWM1_TZINT_ISR</name>
         <value>0x8525</value>
         <object_component_ref idref="oc-af"/>
      </symbol>
      <symbol id="sm-333">
         <name>_ADCINT6_ISR</name>
         <value>0x84f8</value>
         <object_component_ref idref="oc-c1"/>
      </symbol>
      <symbol id="sm-334">
         <name>_ADCINT8_ISR</name>
         <value>0x8502</value>
         <object_component_ref idref="oc-c3"/>
      </symbol>
      <symbol id="sm-335">
         <name>_USER11_ISR</name>
         <value>0x8593</value>
         <object_component_ref idref="oc-a6"/>
      </symbol>
      <symbol id="sm-336">
         <name>_EPWM3_TZINT_ISR</name>
         <value>0x8539</value>
         <object_component_ref idref="oc-b1"/>
      </symbol>
      <symbol id="sm-337">
         <name>_USER4_ISR</name>
         <value>0x85ac</value>
         <object_component_ref idref="oc-9f"/>
      </symbol>
      <symbol id="sm-338">
         <name>_EPWM2_TZINT_ISR</name>
         <value>0x852f</value>
         <object_component_ref idref="oc-b0"/>
      </symbol>
      <symbol id="sm-339">
         <name>_EPWM2_INT_ISR</name>
         <value>0x852a</value>
         <object_component_ref idref="oc-b4"/>
      </symbol>
      <symbol id="sm-33a">
         <name>_TINT0_ISR</name>
         <value>0x8589</value>
         <object_component_ref idref="oc-ad"/>
      </symbol>
      <symbol id="sm-33b">
         <name>_WAKEINT_ISR</name>
         <value>0x85ca</value>
         <object_component_ref idref="oc-ae"/>
      </symbol>
      <symbol id="sm-33c">
         <name>_ADCINT7_ISR</name>
         <value>0x84fd</value>
         <object_component_ref idref="oc-c2"/>
      </symbol>
      <symbol id="sm-33d">
         <name>_ADCINT9_ISR</name>
         <value>0x8507</value>
         <object_component_ref idref="oc-ac"/>
      </symbol>
      <symbol id="sm-33e">
         <name>_USER10_ISR</name>
         <value>0x858e</value>
         <object_component_ref idref="oc-a5"/>
      </symbol>
      <symbol id="sm-33f">
         <name>_USER7_ISR</name>
         <value>0x85bb</value>
         <object_component_ref idref="oc-a2"/>
      </symbol>
      <symbol id="sm-340">
         <name>_XINT1_ISR</name>
         <value>0x85cf</value>
         <object_component_ref idref="oc-aa"/>
      </symbol>
      <symbol id="sm-341">
         <name>_INT14_ISR</name>
         <value>0x855c</value>
         <object_component_ref idref="oc-96"/>
      </symbol>
      <symbol id="sm-342">
         <name>_USER6_ISR</name>
         <value>0x85b6</value>
         <object_component_ref idref="oc-a1"/>
      </symbol>
      <symbol id="sm-343">
         <name>_ADCINT1_ISR</name>
         <value>0x84df</value>
         <object_component_ref idref="oc-a8"/>
      </symbol>
      <symbol id="sm-344">
         <name>_USER12_ISR</name>
         <value>0x8598</value>
         <object_component_ref idref="oc-a7"/>
      </symbol>
      <symbol id="sm-345">
         <name>_USER1_ISR</name>
         <value>0x859d</value>
         <object_component_ref idref="oc-9c"/>
      </symbol>
      <symbol id="sm-346">
         <name>_XINT3_ISR</name>
         <value>0x85d9</value>
         <object_component_ref idref="oc-c4"/>
      </symbol>
      <symbol id="sm-347">
         <name>_NMI_ISR</name>
         <value>0x8561</value>
         <object_component_ref idref="oc-9a"/>
      </symbol>
      <symbol id="sm-348">
         <name>_ADCINT2_ISR</name>
         <value>0x84e4</value>
         <object_component_ref idref="oc-a9"/>
      </symbol>
      <symbol id="sm-349">
         <name>_PIE_RESERVED</name>
         <value>0x8566</value>
         <object_component_ref idref="oc-c6"/>
      </symbol>
      <symbol id="sm-34a">
         <name>_I2CINT1A_ISR</name>
         <value>0x8548</value>
         <object_component_ref idref="oc-ba"/>
      </symbol>
      <symbol id="sm-34b">
         <name>_XINT2_ISR</name>
         <value>0x85d4</value>
         <object_component_ref idref="oc-ab"/>
      </symbol>
      <symbol id="sm-34c">
         <name>_I2CINT2A_ISR</name>
         <value>0x854d</value>
         <object_component_ref idref="oc-bb"/>
      </symbol>
      <symbol id="sm-34d">
         <name>_RTOSINT_ISR</name>
         <value>0x8570</value>
         <object_component_ref idref="oc-98"/>
      </symbol>
      <symbol id="sm-34e">
         <name>_EPWM3_INT_ISR</name>
         <value>0x8534</value>
         <object_component_ref idref="oc-b5"/>
      </symbol>
      <symbol id="sm-34f">
         <name>_ADCINT3_ISR</name>
         <value>0x84e9</value>
         <object_component_ref idref="oc-be"/>
      </symbol>
      <symbol id="sm-350">
         <name>_USER9_ISR</name>
         <value>0x85c5</value>
         <object_component_ref idref="oc-a4"/>
      </symbol>
      <symbol id="sm-351">
         <name>_USER3_ISR</name>
         <value>0x85a7</value>
         <object_component_ref idref="oc-9e"/>
      </symbol>
      <symbol id="sm-352">
         <name>_USER8_ISR</name>
         <value>0x85c0</value>
         <object_component_ref idref="oc-a3"/>
      </symbol>
      <symbol id="sm-353">
         <name>_EPWM1_INT_ISR</name>
         <value>0x8520</value>
         <object_component_ref idref="oc-b3"/>
      </symbol>
      <symbol id="sm-354">
         <name>_USER2_ISR</name>
         <value>0x85a2</value>
         <object_component_ref idref="oc-9d"/>
      </symbol>
      <symbol id="sm-355">
         <name>_SCITXINTA_ISR</name>
         <value>0x857a</value>
         <object_component_ref idref="oc-bd"/>
      </symbol>
      <symbol id="sm-356">
         <name>_SCIRXINTA_ISR</name>
         <value>0x8575</value>
         <object_component_ref idref="oc-bc"/>
      </symbol>
      <symbol id="sm-357">
         <name>_rsvd_ISR</name>
         <value>0x85de</value>
         <object_component_ref idref="oc-c7"/>
      </symbol>
      <symbol id="sm-370">
         <name>_c_int00</name>
         <value>0x139</value>
         <object_component_ref idref="oc-cc"/>
      </symbol>
      <symbol id="sm-371">
         <name>__stack</name>
         <value>0x400</value>
         <object_component_ref idref="oc-cd"/>
      </symbol>
      <symbol id="sm-385">
         <name>C$$EXIT</name>
         <value>0x256</value>
         <object_component_ref idref="oc-ec"/>
      </symbol>
      <symbol id="sm-386">
         <name>_exit</name>
         <value>0x258</value>
         <object_component_ref idref="oc-ec"/>
      </symbol>
      <symbol id="sm-387">
         <name>___TI_cleanup_ptr</name>
         <value>0x76e</value>
         <object_component_ref idref="oc-d5"/>
      </symbol>
      <symbol id="sm-388">
         <name>_abort</name>
         <value>0x256</value>
         <object_component_ref idref="oc-ec"/>
      </symbol>
      <symbol id="sm-389">
         <name>___TI_dtors_ptr</name>
         <value>0x770</value>
         <object_component_ref idref="oc-d5"/>
      </symbol>
      <symbol id="sm-395">
         <name>UL$$MOD</name>
         <value>0x1a1</value>
         <object_component_ref idref="oc-da"/>
      </symbol>
      <symbol id="sm-396">
         <name>L$$MOD</name>
         <value>0x18c</value>
         <object_component_ref idref="oc-da"/>
      </symbol>
      <symbol id="sm-397">
         <name>L$$DIV</name>
         <value>0x17d</value>
         <object_component_ref idref="oc-da"/>
      </symbol>
      <symbol id="sm-398">
         <name>UL$$DIV</name>
         <value>0x19a</value>
         <object_component_ref idref="oc-da"/>
      </symbol>
      <symbol id="sm-3ad">
         <name>__unlock</name>
         <value>0x772</value>
         <object_component_ref idref="oc-128"/>
      </symbol>
      <symbol id="sm-3ae">
         <name>__lock</name>
         <value>0x73e</value>
         <object_component_ref idref="oc-11f"/>
      </symbol>
      <symbol id="sm-3af">
         <name>__register_lock</name>
         <value>0x3c3</value>
         <object_component_ref idref="oc-126"/>
      </symbol>
      <symbol id="sm-3b0">
         <name>__nop</name>
         <value>0x3c7</value>
         <object_component_ref idref="oc-126"/>
      </symbol>
      <symbol id="sm-3b1">
         <name>__register_unlock</name>
         <value>0x3bf</value>
         <object_component_ref idref="oc-126"/>
      </symbol>
      <symbol id="sm-3c1">
         <name>__args_main</name>
         <value>0x23d</value>
         <object_component_ref idref="oc-eb"/>
      </symbol>
   </symbol_table>
   <title>Link successful</title>
</link_info>
