******************************************************************************
                  MSP430 Linker PC v4.4.6                      
******************************************************************************
>> Linked Thu Feb 18 20:33:10 2016

OUTPUT FILE NAME:   <teste 2 2553.out>
ENTRY POINT SYMBOL: "_c_int00_noargs_noexit"  address: 0000c62a


MEMORY CONFIGURATION

         name            origin    length      used     unused   attr    fill
----------------------  --------  ---------  --------  --------  ----  --------
  SFR                   00000000   00000010  00000000  00000010  RWIX
  PERIPHERALS_8BIT      00000010   000000f0  00000000  000000f0  RWIX
  PERIPHERALS_16BIT     00000100   00000100  00000000  00000100  RWIX
  RAM                   00000200   00000200  0000006a  00000196  RWIX
  INFOD                 00001000   00000040  00000000  00000040  RWIX
  INFOC                 00001040   00000040  00000000  00000040  RWIX
  INFOB                 00001080   00000040  00000000  00000040  RWIX
  INFOA                 000010c0   00000040  00000000  00000040  RWIX
  FLASH                 0000c000   00003fde  00000750  0000388e  RWIX
  BSLSIGNATURE          0000ffde   00000002  00000002  00000000  RWIX  ffff 
  INT00                 0000ffe0   00000002  00000002  00000000  RWIX
  INT01                 0000ffe2   00000002  00000000  00000002  RWIX
  INT02                 0000ffe4   00000002  00000002  00000000  RWIX
  INT03                 0000ffe6   00000002  00000002  00000000  RWIX
  INT04                 0000ffe8   00000002  00000000  00000002  RWIX
  INT05                 0000ffea   00000002  00000002  00000000  RWIX
  INT06                 0000ffec   00000002  00000002  00000000  RWIX
  INT07                 0000ffee   00000002  00000002  00000000  RWIX
  INT08                 0000fff0   00000002  00000002  00000000  RWIX
  INT09                 0000fff2   00000002  00000002  00000000  RWIX
  INT10                 0000fff4   00000002  00000002  00000000  RWIX
  INT11                 0000fff6   00000002  00000002  00000000  RWIX
  INT12                 0000fff8   00000002  00000002  00000000  RWIX
  INT13                 0000fffa   00000002  00000002  00000000  RWIX
  INT14                 0000fffc   00000002  00000002  00000000  RWIX
  RESET                 0000fffe   00000002  00000002  00000000  RWIX


SECTION ALLOCATION MAP

 output                                  attributes/
section   page    origin      length       input sections
--------  ----  ----------  ----------   ----------------
.data      0    00000200    00000016     UNINITIALIZED
                  00000200    00000016     main.obj (.data)

.bss       0    00000216    00000004     UNINITIALIZED
                  00000216    00000002     (.common:i)
                  00000218    00000002     (.common:j)

.TI.persistent 
*          0    00000200    00000000     UNINITIALIZED

.stack     0    000003b0    00000050     UNINITIALIZED
                  000003b0    00000002     rts430_eabi.lib : boot.obj (.stack)
                  000003b2    0000004e     --HOLE--

.text      0    0000c000    00000712     
                  0000c000    0000013a     main.obj (.text:main)
                  0000c13a    000000e6     main.obj (.text:tempOut)
                  0000c220    000000a2     main.obj (.text:integerToLcd)
                  0000c2c2    00000064     rts430_eabi.lib : copy_decompress_rle.obj (.text:__TI_decompress_rle_core)
                  0000c326    00000058                     : autoinit.obj (.text:_auto_init)
                  0000c37e    00000058                     : div32u.obj (.text)
                  0000c3d6    0000004e     main.obj (.text:send_command)
                  0000c424    0000004e     main.obj (.text:send_data)
                  0000c472    00000040     rts430_eabi.lib : div32s.obj (.text)
                  0000c4b2    0000003a     main.obj (.text:delay)
                  0000c4ec    00000038     main.obj (.text:lcd_init)
                  0000c524    00000036     main.obj (.text:pin_init)
                  0000c55a    00000034     main.obj (.text:Port_2)
                  0000c58e    0000002c     rts430_eabi.lib : asr16.obj (.text)
                  0000c5ba    0000002c                     : div16s.obj (.text)
                  0000c5e6    00000026                     : mult32.obj (.text)
                  0000c60c    0000001e     main.obj (.text:send_string)
                  0000c62a    0000001a     rts430_eabi.lib : boot_special.obj (.text:_c_int00_noargs_noexit)
                  0000c644    0000001a     main.obj (.text:check_busy)
                  0000c65e    00000016     rts430_eabi.lib : div16u.obj (.text)
                  0000c674    00000014                     : copy_zero_init.obj (.text:decompress:ZI:__TI_zero_init)
                  0000c688    00000014                     : mult16.obj (.text)
                  0000c69c    00000012                     : copy_decompress_none.obj (.text:decompress:none:__TI_decompress_none)
                  0000c6ae    00000012                     : memcpy.obj (.text:memcpy)
                  0000c6c0    00000010     main.obj (.text:data_read)
                  0000c6d0    00000010     main.obj (.text:data_write)
                  0000c6e0    00000010     rts430_eabi.lib : epilog.obj (.text)
                  0000c6f0    0000000e     main.obj (.text:tempInit)
                  0000c6fe    00000006     rts430_eabi.lib : isr_trap.obj (.text:_isr:__TI_ISR_TRAP)
                  0000c704    00000006                     : copy_decompress_rle.obj (.text:decompress:rle24:__TI_decompress_rle24)
                  0000c70a    00000004                     : pre_init.obj (.text:_system_pre_init)
                  0000c70e    00000004                     : exit.obj (.text:abort)

.const     0    0000c712    00000022     
                  0000c712    00000022     main.obj (.const:.string)

.cinit     0    0000c734    0000001c     
                  0000c734    00000009     (.cinit..data.load) [load image, compression = rle]
                  0000c73d    00000001     --HOLE-- [fill = 0]
                  0000c73e    00000006     (__TI_handler_table)
                  0000c744    00000004     (.cinit..bss.load) [load image, compression = zero_init]
                  0000c748    00000008     (__TI_cinit_table)

.init_array 
*          0    0000c000    00000000     UNINITIALIZED

TRAPINT    0    0000ffe0    00000002     
                  0000ffe0    00000002     rts430_eabi.lib : int00.obj (.int00)

$fill000   0    0000ffde    00000002     
                  0000ffde    00000002     --HOLE-- [fill = ffff]

PORT1      0    0000ffe4    00000002     
                  0000ffe4    00000002     rts430_eabi.lib : int02.obj (.int02)

PORT2      0    0000ffe6    00000002     
                  0000ffe6    00000002     main.obj (.int03)

ADC10      0    0000ffea    00000002     
                  0000ffea    00000002     rts430_eabi.lib : int05.obj (.int05)

USCIAB0TX 
*          0    0000ffec    00000002     
                  0000ffec    00000002     rts430_eabi.lib : int06.obj (.int06)

USCIAB0RX 
*          0    0000ffee    00000002     
                  0000ffee    00000002     rts430_eabi.lib : int07.obj (.int07)

TIMER0_A1 
*          0    0000fff0    00000002     
                  0000fff0    00000002     rts430_eabi.lib : int08.obj (.int08)

TIMER0_A0 
*          0    0000fff2    00000002     
                  0000fff2    00000002     rts430_eabi.lib : int09.obj (.int09)

WDT        0    0000fff4    00000002     
                  0000fff4    00000002     rts430_eabi.lib : int10.obj (.int10)

COMPARATORA 
*          0    0000fff6    00000002     
                  0000fff6    00000002     rts430_eabi.lib : int11.obj (.int11)

TIMER1_A1 
*          0    0000fff8    00000002     
                  0000fff8    00000002     rts430_eabi.lib : int12.obj (.int12)

TIMER1_A0 
*          0    0000fffa    00000002     
                  0000fffa    00000002     rts430_eabi.lib : int13.obj (.int13)

NMI        0    0000fffc    00000002     
                  0000fffc    00000002     rts430_eabi.lib : int14.obj (.int14)

.reset     0    0000fffe    00000002     
                  0000fffe    00000002     rts430_eabi.lib : boot.obj (.reset)


LINKER GENERATED COPY TABLES

__TI_cinit_table @ 0000c748 records: 2, size/record: 4, table size: 8
	.data: load addr=0000c734, load size=00000009 bytes, run addr=00000200, run size=00000016 bytes, compression=rle
	.bss: load addr=0000c744, load size=00000004 bytes, run addr=00000216, run size=00000004 bytes, compression=zero_init


LINKER GENERATED HANDLER TABLE

__TI_handler_table @ 0000c73e records: 3, size/record: 2, table size: 6
	index: 0, handler: __TI_zero_init
	index: 1, handler: __TI_decompress_rle24
	index: 2, handler: __TI_decompress_none


GLOBAL SYMBOLS: SORTED ALPHABETICALLY BY Name 

address   name                    
-------   ----                    
0000004a  ADC10AE0                
000001b0  ADC10CTL0               
000001b2  ADC10CTL1               
00000048  ADC10DTC0               
00000049  ADC10DTC1               
000001b4  ADC10MEM                
000001bc  ADC10SA                 
00000057  BCSCTL1                 
00000058  BCSCTL2                 
00000053  BCSCTL3                 
0000c70e  C$$EXIT                 
00000059  CACTL1                  
0000005a  CACTL2                  
000010fb  CALBC1_12MHZ            
000010f9  CALBC1_16MHZ            
000010ff  CALBC1_1MHZ             
000010fd  CALBC1_8MHZ             
000010fa  CALDCO_12MHZ            
000010f8  CALDCO_16MHZ            
000010fe  CALDCO_1MHZ             
000010fc  CALDCO_8MHZ             
0000005b  CAPD                    
00000056  DCOCTL                  
00000128  FCTL1                   
0000012a  FCTL2                   
0000012c  FCTL3                   
00000000  IE1                     
00000001  IE2                     
00000002  IFG1                    
00000003  IFG2                    
00000022  P1DIR                   
00000025  P1IE                    
00000024  P1IES                   
00000023  P1IFG                   
00000020  P1IN                    
00000021  P1OUT                   
00000027  P1REN                   
00000026  P1SEL                   
00000041  P1SEL2                  
0000002a  P2DIR                   
0000002d  P2IE                    
0000002c  P2IES                   
0000002b  P2IFG                   
00000028  P2IN                    
00000029  P2OUT                   
0000002f  P2REN                   
0000002e  P2SEL                   
00000042  P2SEL2                  
0000001a  P3DIR                   
00000018  P3IN                    
00000019  P3OUT                   
00000010  P3REN                   
0000001b  P3SEL                   
00000043  P3SEL2                  
0000c55a  Port_2                  
00000172  TA0CCR0                 
00000174  TA0CCR1                 
00000176  TA0CCR2                 
00000162  TA0CCTL0                
00000164  TA0CCTL1                
00000166  TA0CCTL2                
00000160  TA0CTL                  
0000012e  TA0IV                   
00000170  TA0R                    
00000192  TA1CCR0                 
00000194  TA1CCR1                 
00000196  TA1CCR2                 
00000182  TA1CCTL0                
00000184  TA1CCTL1                
00000186  TA1CCTL2                
00000180  TA1CTL                  
0000011e  TA1IV                   
00000190  TA1R                    
000010db  TLV_ADC10_1_LEN         
000010da  TLV_ADC10_1_TAG         
000010c0  TLV_CHECKSUM            
000010f7  TLV_DCO_30_LEN          
000010f6  TLV_DCO_30_TAG          
0000005d  UCA0ABCTL               
00000062  UCA0BR0                 
00000063  UCA0BR1                 
00000060  UCA0CTL0                
00000061  UCA0CTL1                
0000005f  UCA0IRRCTL              
0000005e  UCA0IRTCTL              
00000064  UCA0MCTL                
00000066  UCA0RXBUF               
00000065  UCA0STAT                
00000067  UCA0TXBUF               
0000006a  UCB0BR0                 
0000006b  UCB0BR1                 
00000068  UCB0CTL0                
00000069  UCB0CTL1                
0000006c  UCB0I2CIE               
00000118  UCB0I2COA               
0000011a  UCB0I2CSA               
0000006e  UCB0RXBUF               
0000006d  UCB0STAT                
0000006f  UCB0TXBUF               
00000120  WDTCTL                  
00000400  __STACK_END             
00000050  __STACK_SIZE            
0000c748  __TI_CINIT_Base         
0000c750  __TI_CINIT_Limit        
0000c73e  __TI_Handler_Table_Base 
0000c744  __TI_Handler_Table_Limit
UNDEFED   __TI_INITARRAY_Base     
UNDEFED   __TI_INITARRAY_Limit    
0000c6fe  __TI_ISR_TRAP           
0000c69c  __TI_decompress_none    
0000c704  __TI_decompress_rle24   
0000ffe0  __TI_int00              
0000ffe4  __TI_int02              
0000ffe6  __TI_int03              
0000ffea  __TI_int05              
0000ffec  __TI_int06              
0000ffee  __TI_int07              
0000fff0  __TI_int08              
0000fff2  __TI_int09              
0000fff4  __TI_int10              
0000fff6  __TI_int11              
0000fff8  __TI_int12              
0000fffa  __TI_int13              
0000fffc  __TI_int14              
0000c674  __TI_zero_init          
ffffffff  __binit__               
ffffffff  __c_args__              
0000c5ba  __mspabi_divi           
0000c472  __mspabi_divli          
0000c65e  __mspabi_divu           
0000c37e  __mspabi_divul          
0000c6ec  __mspabi_func_epilog_1  
0000c6ea  __mspabi_func_epilog_2  
0000c6e8  __mspabi_func_epilog_3  
0000c6e6  __mspabi_func_epilog_4  
0000c6e4  __mspabi_func_epilog_5  
0000c6e2  __mspabi_func_epilog_6  
0000c6e0  __mspabi_func_epilog_7  
0000c688  __mspabi_mpyi           
0000c688  __mspabi_mpyi_sw        
0000c5e6  __mspabi_mpyl           
0000c5e6  __mspabi_mpyl_sw        
0000c5ba  __mspabi_remi           
0000c472  __mspabi_remli          
0000c65e  __mspabi_remu           
0000c37e  __mspabi_remul          
0000c58e  __mspabi_srai           
0000c5b6  __mspabi_srai_1         
0000c5a4  __mspabi_srai_10        
0000c5a2  __mspabi_srai_11        
0000c5a0  __mspabi_srai_12        
0000c59e  __mspabi_srai_13        
0000c59c  __mspabi_srai_14        
0000c59a  __mspabi_srai_15        
0000c5b4  __mspabi_srai_2         
0000c5b2  __mspabi_srai_3         
0000c5b0  __mspabi_srai_4         
0000c5ae  __mspabi_srai_5         
0000c5ac  __mspabi_srai_6         
0000c5aa  __mspabi_srai_7         
0000c5a8  __mspabi_srai_8         
0000c5a6  __mspabi_srai_9         
0000c326  _auto_init              
0000c62a  _c_int00_noargs_noexit  
0000fffe  _reset_vector           
000003b0  _stack                  
0000c70a  _system_pre_init        
0000c70e  abort                   
ffffffff  binit                   
0000c644  check_busy              
0000c6c0  data_read               
0000c6d0  data_write              
0000c4b2  delay                   
00000202  estado                  
00000216  i                       
0000c220  integerToLcd            
00000218  j                       
0000c4ec  lcd_init                
0000c000  main                    
0000c6ae  memcpy                  
0000c524  pin_init                
00000200  ponto2                  
00000210  resto_vel_fps           
0000020c  resto_vel_ms            
0000c3d6  send_command            
0000c424  send_data               
0000c60c  send_string             
00000214  temp                    
0000c6f0  tempInit                
0000c13a  tempOut                 
00000208  vel_fps                 
00000204  vel_ms                  


GLOBAL SYMBOLS: SORTED BY Symbol Address 

address   name                    
-------   ----                    
00000000  IE1                     
00000001  IE2                     
00000002  IFG1                    
00000003  IFG2                    
00000010  P3REN                   
00000018  P3IN                    
00000019  P3OUT                   
0000001a  P3DIR                   
0000001b  P3SEL                   
00000020  P1IN                    
00000021  P1OUT                   
00000022  P1DIR                   
00000023  P1IFG                   
00000024  P1IES                   
00000025  P1IE                    
00000026  P1SEL                   
00000027  P1REN                   
00000028  P2IN                    
00000029  P2OUT                   
0000002a  P2DIR                   
0000002b  P2IFG                   
0000002c  P2IES                   
0000002d  P2IE                    
0000002e  P2SEL                   
0000002f  P2REN                   
00000041  P1SEL2                  
00000042  P2SEL2                  
00000043  P3SEL2                  
00000048  ADC10DTC0               
00000049  ADC10DTC1               
0000004a  ADC10AE0                
00000050  __STACK_SIZE            
00000053  BCSCTL3                 
00000056  DCOCTL                  
00000057  BCSCTL1                 
00000058  BCSCTL2                 
00000059  CACTL1                  
0000005a  CACTL2                  
0000005b  CAPD                    
0000005d  UCA0ABCTL               
0000005e  UCA0IRTCTL              
0000005f  UCA0IRRCTL              
00000060  UCA0CTL0                
00000061  UCA0CTL1                
00000062  UCA0BR0                 
00000063  UCA0BR1                 
00000064  UCA0MCTL                
00000065  UCA0STAT                
00000066  UCA0RXBUF               
00000067  UCA0TXBUF               
00000068  UCB0CTL0                
00000069  UCB0CTL1                
0000006a  UCB0BR0                 
0000006b  UCB0BR1                 
0000006c  UCB0I2CIE               
0000006d  UCB0STAT                
0000006e  UCB0RXBUF               
0000006f  UCB0TXBUF               
00000118  UCB0I2COA               
0000011a  UCB0I2CSA               
0000011e  TA1IV                   
00000120  WDTCTL                  
00000128  FCTL1                   
0000012a  FCTL2                   
0000012c  FCTL3                   
0000012e  TA0IV                   
00000160  TA0CTL                  
00000162  TA0CCTL0                
00000164  TA0CCTL1                
00000166  TA0CCTL2                
00000170  TA0R                    
00000172  TA0CCR0                 
00000174  TA0CCR1                 
00000176  TA0CCR2                 
00000180  TA1CTL                  
00000182  TA1CCTL0                
00000184  TA1CCTL1                
00000186  TA1CCTL2                
00000190  TA1R                    
00000192  TA1CCR0                 
00000194  TA1CCR1                 
00000196  TA1CCR2                 
000001b0  ADC10CTL0               
000001b2  ADC10CTL1               
000001b4  ADC10MEM                
000001bc  ADC10SA                 
00000200  ponto2                  
00000202  estado                  
00000204  vel_ms                  
00000208  vel_fps                 
0000020c  resto_vel_ms            
00000210  resto_vel_fps           
00000214  temp                    
00000216  i                       
00000218  j                       
000003b0  _stack                  
00000400  __STACK_END             
000010c0  TLV_CHECKSUM            
000010da  TLV_ADC10_1_TAG         
000010db  TLV_ADC10_1_LEN         
000010f6  TLV_DCO_30_TAG          
000010f7  TLV_DCO_30_LEN          
000010f8  CALDCO_16MHZ            
000010f9  CALBC1_16MHZ            
000010fa  CALDCO_12MHZ            
000010fb  CALBC1_12MHZ            
000010fc  CALDCO_8MHZ             
000010fd  CALBC1_8MHZ             
000010fe  CALDCO_1MHZ             
000010ff  CALBC1_1MHZ             
0000c000  main                    
0000c13a  tempOut                 
0000c220  integerToLcd            
0000c326  _auto_init              
0000c37e  __mspabi_divul          
0000c37e  __mspabi_remul          
0000c3d6  send_command            
0000c424  send_data               
0000c472  __mspabi_divli          
0000c472  __mspabi_remli          
0000c4b2  delay                   
0000c4ec  lcd_init                
0000c524  pin_init                
0000c55a  Port_2                  
0000c58e  __mspabi_srai           
0000c59a  __mspabi_srai_15        
0000c59c  __mspabi_srai_14        
0000c59e  __mspabi_srai_13        
0000c5a0  __mspabi_srai_12        
0000c5a2  __mspabi_srai_11        
0000c5a4  __mspabi_srai_10        
0000c5a6  __mspabi_srai_9         
0000c5a8  __mspabi_srai_8         
0000c5aa  __mspabi_srai_7         
0000c5ac  __mspabi_srai_6         
0000c5ae  __mspabi_srai_5         
0000c5b0  __mspabi_srai_4         
0000c5b2  __mspabi_srai_3         
0000c5b4  __mspabi_srai_2         
0000c5b6  __mspabi_srai_1         
0000c5ba  __mspabi_divi           
0000c5ba  __mspabi_remi           
0000c5e6  __mspabi_mpyl           
0000c5e6  __mspabi_mpyl_sw        
0000c60c  send_string             
0000c62a  _c_int00_noargs_noexit  
0000c644  check_busy              
0000c65e  __mspabi_divu           
0000c65e  __mspabi_remu           
0000c674  __TI_zero_init          
0000c688  __mspabi_mpyi           
0000c688  __mspabi_mpyi_sw        
0000c69c  __TI_decompress_none    
0000c6ae  memcpy                  
0000c6c0  data_read               
0000c6d0  data_write              
0000c6e0  __mspabi_func_epilog_7  
0000c6e2  __mspabi_func_epilog_6  
0000c6e4  __mspabi_func_epilog_5  
0000c6e6  __mspabi_func_epilog_4  
0000c6e8  __mspabi_func_epilog_3  
0000c6ea  __mspabi_func_epilog_2  
0000c6ec  __mspabi_func_epilog_1  
0000c6f0  tempInit                
0000c6fe  __TI_ISR_TRAP           
0000c704  __TI_decompress_rle24   
0000c70a  _system_pre_init        
0000c70e  C$$EXIT                 
0000c70e  abort                   
0000c73e  __TI_Handler_Table_Base 
0000c744  __TI_Handler_Table_Limit
0000c748  __TI_CINIT_Base         
0000c750  __TI_CINIT_Limit        
0000ffe0  __TI_int00              
0000ffe4  __TI_int02              
0000ffe6  __TI_int03              
0000ffea  __TI_int05              
0000ffec  __TI_int06              
0000ffee  __TI_int07              
0000fff0  __TI_int08              
0000fff2  __TI_int09              
0000fff4  __TI_int10              
0000fff6  __TI_int11              
0000fff8  __TI_int12              
0000fffa  __TI_int13              
0000fffc  __TI_int14              
0000fffe  _reset_vector           
ffffffff  __binit__               
ffffffff  __c_args__              
ffffffff  binit                   
UNDEFED   __TI_INITARRAY_Base     
UNDEFED   __TI_INITARRAY_Limit    

[192 symbols]
